Archive member included to satisfy reference by file (symbol)

C:/ST/STM32CubeIDE_1.12.0/STM32CubeIDE/plugins/com.st.stm32cube.ide.mcu.externaltools.gnu-tools-for-stm32.11.3.rel1.win32_1.1.1.202309131626/tools/bin/../lib/gcc/arm-none-eabi/11.3.1/../../../../arm-none-eabi/lib/thumb/v7-m/nofp\libc_nano.a(libc_a-exit.o)
                              C:/ST/STM32CubeIDE_1.12.0/STM32CubeIDE/plugins/com.st.stm32cube.ide.mcu.externaltools.gnu-tools-for-stm32.11.3.rel1.win32_1.1.1.202309131626/tools/bin/../lib/gcc/arm-none-eabi/11.3.1/../../../../arm-none-eabi/lib/thumb/v7-m/nofp/crt0.o (exit)
C:/ST/STM32CubeIDE_1.12.0/STM32CubeIDE/plugins/com.st.stm32cube.ide.mcu.externaltools.gnu-tools-for-stm32.11.3.rel1.win32_1.1.1.202309131626/tools/bin/../lib/gcc/arm-none-eabi/11.3.1/../../../../arm-none-eabi/lib/thumb/v7-m/nofp\libc_nano.a(libc_a-findfp.o)
                              C:/ST/STM32CubeIDE_1.12.0/STM32CubeIDE/plugins/com.st.stm32cube.ide.mcu.externaltools.gnu-tools-for-stm32.11.3.rel1.win32_1.1.1.202309131626/tools/bin/../lib/gcc/arm-none-eabi/11.3.1/../../../../arm-none-eabi/lib/thumb/v7-m/nofp\libc_nano.a(libc_a-exit.o) (__stdio_exit_handler)
C:/ST/STM32CubeIDE_1.12.0/STM32CubeIDE/plugins/com.st.stm32cube.ide.mcu.externaltools.gnu-tools-for-stm32.11.3.rel1.win32_1.1.1.202309131626/tools/bin/../lib/gcc/arm-none-eabi/11.3.1/../../../../arm-none-eabi/lib/thumb/v7-m/nofp\libc_nano.a(libc_a-fwalk.o)
                              C:/ST/STM32CubeIDE_1.12.0/STM32CubeIDE/plugins/com.st.stm32cube.ide.mcu.externaltools.gnu-tools-for-stm32.11.3.rel1.win32_1.1.1.202309131626/tools/bin/../lib/gcc/arm-none-eabi/11.3.1/../../../../arm-none-eabi/lib/thumb/v7-m/nofp\libc_nano.a(libc_a-findfp.o) (_fwalk_sglue)
C:/ST/STM32CubeIDE_1.12.0/STM32CubeIDE/plugins/com.st.stm32cube.ide.mcu.externaltools.gnu-tools-for-stm32.11.3.rel1.win32_1.1.1.202309131626/tools/bin/../lib/gcc/arm-none-eabi/11.3.1/../../../../arm-none-eabi/lib/thumb/v7-m/nofp\libc_nano.a(libc_a-stdio.o)
                              C:/ST/STM32CubeIDE_1.12.0/STM32CubeIDE/plugins/com.st.stm32cube.ide.mcu.externaltools.gnu-tools-for-stm32.11.3.rel1.win32_1.1.1.202309131626/tools/bin/../lib/gcc/arm-none-eabi/11.3.1/../../../../arm-none-eabi/lib/thumb/v7-m/nofp\libc_nano.a(libc_a-findfp.o) (__sread)
C:/ST/STM32CubeIDE_1.12.0/STM32CubeIDE/plugins/com.st.stm32cube.ide.mcu.externaltools.gnu-tools-for-stm32.11.3.rel1.win32_1.1.1.202309131626/tools/bin/../lib/gcc/arm-none-eabi/11.3.1/../../../../arm-none-eabi/lib/thumb/v7-m/nofp\libc_nano.a(libc_a-memset.o)
                              C:/ST/STM32CubeIDE_1.12.0/STM32CubeIDE/plugins/com.st.stm32cube.ide.mcu.externaltools.gnu-tools-for-stm32.11.3.rel1.win32_1.1.1.202309131626/tools/bin/../lib/gcc/arm-none-eabi/11.3.1/../../../../arm-none-eabi/lib/thumb/v7-m/nofp/crt0.o (memset)
C:/ST/STM32CubeIDE_1.12.0/STM32CubeIDE/plugins/com.st.stm32cube.ide.mcu.externaltools.gnu-tools-for-stm32.11.3.rel1.win32_1.1.1.202309131626/tools/bin/../lib/gcc/arm-none-eabi/11.3.1/../../../../arm-none-eabi/lib/thumb/v7-m/nofp\libc_nano.a(libc_a-closer.o)
                              C:/ST/STM32CubeIDE_1.12.0/STM32CubeIDE/plugins/com.st.stm32cube.ide.mcu.externaltools.gnu-tools-for-stm32.11.3.rel1.win32_1.1.1.202309131626/tools/bin/../lib/gcc/arm-none-eabi/11.3.1/../../../../arm-none-eabi/lib/thumb/v7-m/nofp\libc_nano.a(libc_a-stdio.o) (_close_r)
C:/ST/STM32CubeIDE_1.12.0/STM32CubeIDE/plugins/com.st.stm32cube.ide.mcu.externaltools.gnu-tools-for-stm32.11.3.rel1.win32_1.1.1.202309131626/tools/bin/../lib/gcc/arm-none-eabi/11.3.1/../../../../arm-none-eabi/lib/thumb/v7-m/nofp\libc_nano.a(libc_a-reent.o)
                              C:/ST/STM32CubeIDE_1.12.0/STM32CubeIDE/plugins/com.st.stm32cube.ide.mcu.externaltools.gnu-tools-for-stm32.11.3.rel1.win32_1.1.1.202309131626/tools/bin/../lib/gcc/arm-none-eabi/11.3.1/../../../../arm-none-eabi/lib/thumb/v7-m/nofp\libc_nano.a(libc_a-closer.o) (errno)
C:/ST/STM32CubeIDE_1.12.0/STM32CubeIDE/plugins/com.st.stm32cube.ide.mcu.externaltools.gnu-tools-for-stm32.11.3.rel1.win32_1.1.1.202309131626/tools/bin/../lib/gcc/arm-none-eabi/11.3.1/../../../../arm-none-eabi/lib/thumb/v7-m/nofp\libc_nano.a(libc_a-impure.o)
                              C:/ST/STM32CubeIDE_1.12.0/STM32CubeIDE/plugins/com.st.stm32cube.ide.mcu.externaltools.gnu-tools-for-stm32.11.3.rel1.win32_1.1.1.202309131626/tools/bin/../lib/gcc/arm-none-eabi/11.3.1/../../../../arm-none-eabi/lib/thumb/v7-m/nofp\libc_nano.a(libc_a-reent.o) (_impure_ptr)
C:/ST/STM32CubeIDE_1.12.0/STM32CubeIDE/plugins/com.st.stm32cube.ide.mcu.externaltools.gnu-tools-for-stm32.11.3.rel1.win32_1.1.1.202309131626/tools/bin/../lib/gcc/arm-none-eabi/11.3.1/../../../../arm-none-eabi/lib/thumb/v7-m/nofp\libc_nano.a(libc_a-lseekr.o)
[...]
Memory Configuration

Name             Origin             Length             Attributes
RAM              0x0000000020000000 0x0000000000005000 xrw
FLASH            0x0000000008000000 0x0000000000010000 xr
*default*        0x0000000000000000 0xffffffffffffffff

Linker script and memory map

LOAD C:/ST/STM32CubeIDE_1.12.0/STM32CubeIDE/plugins/com.st.stm32cube.ide.mcu.externaltools.gnu-tools-for-stm32.11.3.rel1.win32_1.1.1.202309131626/tools/bin/../lib/gcc/arm-none-eabi/11.3.1/thumb/v7-m/nofp/crti.o
LOAD C:/ST/STM32CubeIDE_1.12.0/STM32CubeIDE/plugins/com.st.stm32cube.ide.mcu.externaltools.gnu-tools-for-stm32.11.3.rel1.win32_1.1.1.202309131626/tools/bin/../lib/gcc/arm-none-eabi/11.3.1/thumb/v7-m/nofp/crtbegin.o
LOAD C:/ST/STM32CubeIDE_1.12.0/STM32CubeIDE/plugins/com.st.stm32cube.ide.mcu.externaltools.gnu-tools-for-stm32.11.3.rel1.win32_1.1.1.202309131626/tools/bin/../lib/gcc/arm-none-eabi/11.3.1/../../../../arm-none-eabi/lib/thumb/v7-m/nofp/crt0.o
LOAD ./Core/Src/fonts.o
LOAD ./Core/Src/main.o
LOAD ./Core/Src/ssd1306.o
LOAD ./Core/Src/stm32f1xx_hal_msp.o
LOAD ./Core/Src/stm32f1xx_it.o
LOAD ./Core/Src/syscalls.o
LOAD ./Core/Src/sysmem.o
LOAD ./Core/Src/system_stm32f1xx.o
LOAD ./Core/Startup/startup_stm32f103c8tx.o
LOAD ./Drivers/STM32F1xx_HAL_Driver/Src/stm32f1xx_hal.o
LOAD ./Drivers/STM32F1xx_HAL_Driver/Src/stm32f1xx_hal_cortex.o
LOAD ./Drivers/STM32F1xx_HAL_Driver/Src/stm32f1xx_hal_dma.o
LOAD ./Drivers/STM32F1xx_HAL_Driver/Src/stm32f1xx_hal_exti.o
LOAD ./Drivers/STM32F1xx_HAL_Driver/Src/stm32f1xx_hal_flash.o
LOAD ./Drivers/STM32F1xx_HAL_Driver/Src/stm32f1xx_hal_flash_ex.o
LOAD ./Drivers/STM32F1xx_HAL_Driver/Src/stm32f1xx_hal_gpio.o
LOAD ./Drivers/STM32F1xx_HAL_Driver/Src/stm32f1xx_hal_gpio_ex.o
LOAD ./Drivers/STM32F1xx_HAL_Driver/Src/stm32f1xx_hal_i2c.o
LOAD ./Drivers/STM32F1xx_HAL_Driver/Src/stm32f1xx_hal_pwr.o
LOAD ./Drivers/STM32F1xx_HAL_Driver/Src/stm32f1xx_hal_rcc.o
LOAD ./Drivers/STM32F1xx_HAL_Driver/Src/stm32f1xx_hal_rcc_ex.o
LOAD ./Drivers/STM32F1xx_HAL_Driver/Src/stm32f1xx_hal_tim.o
LOAD ./Drivers/STM32F1xx_HAL_Driver/Src/stm32f1xx_hal_tim_ex.o
START GROUP
LOAD C:/ST/STM32CubeIDE_1.12.0/STM32CubeIDE/plugins/com.st.stm32cube.ide.mcu.externaltools.gnu-tools-for-stm32.11.3.rel1.win32_1.1.1.202309131626/tools/bin/../lib/gcc/arm-none-eabi/11.3.1/../../../../arm-none-eabi/lib/thumb/v7-m/nofp\libc_nano.a
LOAD C:/ST/STM32CubeIDE_1.12.0/STM32CubeIDE/plugins/com.st.stm32cube.ide.mcu.externaltools.gnu-tools-for-stm32.11.3.rel1.win32_1.1.1.202309131626/tools/bin/../lib/gcc/arm-none-eabi/11.3.1/../../../../arm-none-eabi/lib/thumb/v7-m/nofp\libm.a
END GROUP
START GROUP
LOAD C:/ST/STM32CubeIDE_1.12.0/STM32CubeIDE/plugins/com.st.stm32cube.ide.mcu.externaltools.gnu-tools-for-stm32.11.3.rel1.win32_1.1.1.202309131626/tools/bin/../lib/gcc/arm-none-eabi/11.3.1/thumb/v7-m/nofp\libgcc.a
LOAD C:/ST/STM32CubeIDE_1.12.0/STM32CubeIDE/plugins/com.st.stm32cube.ide.mcu.externaltools.gnu-tools-for-stm32.11.3.rel1.win32_1.1.1.202309131626/tools/bin/../lib/gcc/arm-none-eabi/11.3.1/../../../../arm-none-eabi/lib/thumb/v7-m/nofp\libc_nano.a
END GROUP
START GROUP
LOAD C:/ST/STM32CubeIDE_1.12.0/STM32CubeIDE/plugins/com.st.stm32cube.ide.mcu.externaltools.gnu-tools-for-stm32.11.3.rel1.win32_1.1.1.202309131626/tools/bin/../lib/gcc/arm-none-eabi/11.3.1/thumb/v7-m/nofp\libgcc.a
LOAD C:/ST/STM32CubeIDE_1.12.0/STM32CubeIDE/plugins/com.st.stm32cube.ide.mcu.externaltools.gnu-tools-for-stm32.11.3.rel1.win32_1.1.1.202309131626/tools/bin/../lib/gcc/arm-none-eabi/11.3.1/../../../../arm-none-eabi/lib/thumb/v7-m/nofp\libc_nano.a
LOAD C:/ST/STM32CubeIDE_1.12.0/STM32CubeIDE/plugins/com.st.stm32cube.ide.mcu.externaltools.gnu-tools-for-stm32.11.3.rel1.win32_1.1.1.202309131626/tools/bin/../lib/gcc/arm-none-eabi/11.3.1/../../../../arm-none-eabi/lib/thumb/v7-m/nofp\libnosys.a
END GROUP
START GROUP
LOAD C:/ST/STM32CubeIDE_1.12.0/STM32CubeIDE/plugins/com.st.stm32cube.ide.mcu.externaltools.gnu-tools-for-stm32.11.3.rel1.win32_1.1.1.202309131626/tools/bin/../lib/gcc/arm-none-eabi/11.3.1/thumb/v7-m/nofp\libgcc.a
LOAD C:/ST/STM32CubeIDE_1.12.0/STM32CubeIDE/plugins/com.st.stm32cube.ide.mcu.externaltools.gnu-tools-for-stm32.11.3.rel1.win32_1.1.1.202309131626/tools/bin/../lib/gcc/arm-none-eabi/11.3.1/../../../../arm-none-eabi/lib/thumb/v7-m/nofp\libc_nano.a
LOAD C:/ST/STM32CubeIDE_1.12.0/STM32CubeIDE/plugins/com.st.stm32cube.ide.mcu.externaltools.gnu-tools-for-stm32.11.3.rel1.win32_1.1.1.202309131626/tools/bin/../lib/gcc/arm-none-eabi/11.3.1/../../../../arm-none-eabi/lib/thumb/v7-m/nofp\libnosys.a
END GROUP
LOAD C:/ST/STM32CubeIDE_1.12.0/STM32CubeIDE/plugins/com.st.stm32cube.ide.mcu.externaltools.gnu-tools-for-stm32.11.3.rel1.win32_1.1.1.202309131626/tools/bin/../lib/gcc/arm-none-eabi/11.3.1/thumb/v7-m/nofp/crtend.o
LOAD C:/ST/STM32CubeIDE_1.12.0/STM32CubeIDE/plugins/com.st.stm32cube.ide.mcu.externaltools.gnu-tools-for-stm32.11.3.rel1.win32_1.1.1.202309131626/tools/bin/../lib/gcc/arm-none-eabi/11.3.1/thumb/v7-m/nofp/crtn.o
                0x0000000020005000                _estack = (ORIGIN (RAM) + LENGTH (RAM))
                0x0000000000000200                _Min_Heap_Size = 0x200
                0x0000000000000400                _Min_Stack_Size = 0x400

.isr_vector     0x0000000008000000      0x10c
                0x0000000008000000                . = ALIGN (0x4)
 *(.isr_vector)
 .isr_vector    0x0000000008000000      0x10c ./Core/Startup/startup_stm32f103c8tx.o
                0x0000000008000000                g_pfnVectors
                0x000000000800010c                . = ALIGN (0x4)

.text           0x000000000800010c     0x2278
                0x000000000800010c                . = ALIGN (0x4)
 *(.text)
 .text          0x000000000800010c       0x40 C:/ST/STM32CubeIDE_1.12.0/STM32CubeIDE/plugins/com.st.stm32cube.ide.mcu.externaltools.gnu-tools-for-stm32.11.3.rel1.win32_1.1.1.202309131626/tools/bin/../lib/gcc/arm-none-eabi/11.3.1/thumb/v7-m/nofp/crtbegin.o
 *(.text*)
 .text.main     0x000000000800014c       0x84 ./Core/Src/main.o
                0x000000000800014c                main
 .text.SystemClock_Config
                0x00000000080001d0       0x76 ./Core/Src/main.o
                0x00000000080001d0                SystemClock_Config
 *fill*         0x0000000008000246        0x2 
 .text.MX_I2C1_Init
                0x0000000008000248       0x5c ./Core/Src/main.o
 .text.MX_GPIO_Init
                0x00000000080002a4       0x44 ./Core/Src/main.o
 .text.Error_Handler
                0x00000000080002e8        0xa ./Core/Src/main.o
                0x00000000080002e8                Error_Handler
 *fill*         0x00000000080002f2        0x2 
 .text.SSD1306_Init
                0x00000000080002f4      0x188 ./Core/Src/ssd1306.o
                0x00000000080002f4                SSD1306_Init
 .text.SSD1306_UpdateScreen
                0x000000000800047c       0x5c ./Core/Src/ssd1306.o
                0x000000000800047c                SSD1306_UpdateScreen
 .text.SSD1306_Fill
                0x00000000080004d8       0x30 ./Core/Src/ssd1306.o
                0x00000000080004d8                SSD1306_Fill
 .text.SSD1306_DrawPixel
                0x0000000008000508       0xbc ./Core/Src/ssd1306.o
                0x0000000008000508                SSD1306_DrawPixel
 .text.SSD1306_GotoXY
                0x00000000080005c4       0x2c ./Core/Src/ssd1306.o
                0x00000000080005c4                SSD1306_GotoXY
 .text.SSD1306_Putc
                0x00000000080005f0      0x100 ./Core/Src/ssd1306.o
                0x00000000080005f0                SSD1306_Putc
 .text.SSD1306_Puts
                0x00000000080006f0       0x4a ./Core/Src/ssd1306.o
                0x00000000080006f0                SSD1306_Puts
 *fill*         0x000000000800073a        0x2 
 .text.ssd1306_I2C_Init
                0x000000000800073c       0x28 ./Core/Src/ssd1306.o
                0x000000000800073c                ssd1306_I2C_Init
 .text.ssd1306_I2C_WriteMulti
                0x0000000008000764       0xcc ./Core/Src/ssd1306.o
                0x0000000008000764                ssd1306_I2C_WriteMulti
 .text.ssd1306_I2C_Write
                0x0000000008000830       0x3c ./Core/Src/ssd1306.o
                0x0000000008000830                ssd1306_I2C_Write
 .text.HAL_MspInit
                0x000000000800086c       0x64 ./Core/Src/stm32f1xx_hal_msp.o
                0x000000000800086c                HAL_MspInit
 .text.HAL_I2C_MspInit
                0x00000000080008d0       0x7c ./Core/Src/stm32f1xx_hal_msp.o
                0x00000000080008d0                HAL_I2C_MspInit
 .text.NMI_Handler
                0x000000000800094c        0x6 ./Core/Src/stm32f1xx_it.o
                0x000000000800094c                NMI_Handler
 .text.HardFault_Handler
                0x0000000008000952        0x6 ./Core/Src/stm32f1xx_it.o
                0x0000000008000952                HardFault_Handler
 .text.MemManage_Handler
                0x0000000008000958        0x6 ./Core/Src/stm32f1xx_it.o
                0x0000000008000958                MemManage_Handler
 .text.BusFault_Handler
                0x000000000800095e        0x6 ./Core/Src/stm32f1xx_it.o
                0x000000000800095e                BusFault_Handler
 .text.UsageFault_Handler
                0x0000000008000964        0x6 ./Core/Src/stm32f1xx_it.o
                0x0000000008000964                UsageFault_Handler
 .text.SVC_Handler
                0x000000000800096a        0xc ./Core/Src/stm32f1xx_it.o
                0x000000000800096a                SVC_Handler
 .text.DebugMon_Handler
                0x0000000008000976        0xc ./Core/Src/stm32f1xx_it.o
                0x0000000008000976                DebugMon_Handler
 .text.PendSV_Handler
                0x0000000008000982        0xc ./Core/Src/stm32f1xx_it.o
                0x0000000008000982                PendSV_Handler
 .text.SysTick_Handler
                0x000000000800098e        0xc ./Core/Src/stm32f1xx_it.o
                0x000000000800098e                SysTick_Handler
 .text.SystemInit
                0x000000000800099a        0xc ./Core/Src/system_stm32f1xx.o
                0x000000000800099a                SystemInit
 *fill*         0x00000000080009a6        0x2 
 .text.Reset_Handler
                0x00000000080009a8       0x48 ./Core/Startup/startup_stm32f103c8tx.o
                0x00000000080009a8                Reset_Handler
 .text.Default_Handler
                0x00000000080009f0        0x2 ./Core/Startup/startup_stm32f103c8tx.o
                0x00000000080009f0                RTC_Alarm_IRQHandler
                0x00000000080009f0                EXTI2_IRQHandler
                0x00000000080009f0                TIM1_CC_IRQHandler
                0x00000000080009f0                PVD_IRQHandler
                0x00000000080009f0                EXTI3_IRQHandler
                0x00000000080009f0                EXTI0_IRQHandler
                0x00000000080009f0                I2C2_EV_IRQHandler
                0x00000000080009f0                ADC1_2_IRQHandler
                0x00000000080009f0                SPI1_IRQHandler
                0x00000000080009f0                TAMPER_IRQHandler
                0x00000000080009f0                DMA1_Channel4_IRQHandler
                0x00000000080009f0                USART3_IRQHandler
                0x00000000080009f0                RTC_IRQHandler
                0x00000000080009f0                DMA1_Channel7_IRQHandler
                0x00000000080009f0                CAN1_RX1_IRQHandler
                0x00000000080009f0                TIM4_IRQHandler
                0x00000000080009f0                I2C1_EV_IRQHandler
                0x00000000080009f0                DMA1_Channel6_IRQHandler
                0x00000000080009f0                TIM3_IRQHandler
                0x00000000080009f0                RCC_IRQHandler
                0x00000000080009f0                TIM1_TRG_COM_IRQHandler
                0x00000000080009f0                DMA1_Channel1_IRQHandler
                0x00000000080009f0                Default_Handler
                0x00000000080009f0                EXTI15_10_IRQHandler
                0x00000000080009f0                EXTI9_5_IRQHandler
                0x00000000080009f0                SPI2_IRQHandler
                0x00000000080009f0                DMA1_Channel5_IRQHandler
                0x00000000080009f0                EXTI4_IRQHandler
                0x00000000080009f0                USB_LP_CAN1_RX0_IRQHandler
                0x00000000080009f0                USB_HP_CAN1_TX_IRQHandler
                0x00000000080009f0                DMA1_Channel3_IRQHandler
                0x00000000080009f0                TIM1_UP_IRQHandler
                0x00000000080009f0                WWDG_IRQHandler
                0x00000000080009f0                TIM2_IRQHandler
                0x00000000080009f0                TIM1_BRK_IRQHandler
                0x00000000080009f0                EXTI1_IRQHandler
                0x00000000080009f0                USART2_IRQHandler
                0x00000000080009f0                I2C2_ER_IRQHandler
                0x00000000080009f0                DMA1_Channel2_IRQHandler
                0x00000000080009f0                CAN1_SCE_IRQHandler
                0x00000000080009f0                FLASH_IRQHandler
                0x00000000080009f0                USART1_IRQHandler
                0x00000000080009f0                I2C1_ER_IRQHandler
                0x00000000080009f0                USBWakeUp_IRQHandler
 *fill*         0x00000000080009f2        0x2 
 .text.HAL_Init
                0x00000000080009f4       0x2c ./Drivers/STM32F1xx_HAL_Driver/Src/stm32f1xx_hal.o
                0x00000000080009f4                HAL_Init
 .text.HAL_InitTick
                0x0000000008000a20       0x60 ./Drivers/STM32F1xx_HAL_Driver/Src/stm32f1xx_hal.o
                0x0000000008000a20                HAL_InitTick
 .text.HAL_IncTick
                0x0000000008000a80       0x24 ./Drivers/STM32F1xx_HAL_Driver/Src/stm32f1xx_hal.o
                0x0000000008000a80                HAL_IncTick
 .text.HAL_GetTick
                0x0000000008000aa4       0x14 ./Drivers/STM32F1xx_HAL_Driver/Src/stm32f1xx_hal.o
                0x0000000008000aa4                HAL_GetTick
 .text.__NVIC_SetPriorityGrouping
                0x0000000008000ab8       0x48 ./Drivers/STM32F1xx_HAL_Driver/Src/stm32f1xx_hal_cortex.o
 .text.__NVIC_GetPriorityGrouping
                0x0000000008000b00       0x1c ./Drivers/STM32F1xx_HAL_Driver/Src/stm32f1xx_hal_cortex.o
 .text.__NVIC_SetPriority
                0x0000000008000b1c       0x54 ./Drivers/STM32F1xx_HAL_Driver/Src/stm32f1xx_hal_cortex.o
 .text.NVIC_EncodePriority
                0x0000000008000b70       0x64 ./Drivers/STM32F1xx_HAL_Driver/Src/stm32f1xx_hal_cortex.o
 .text.SysTick_Config
                0x0000000008000bd4       0x44 ./Drivers/STM32F1xx_HAL_Driver/Src/stm32f1xx_hal_cortex.o
 .text.HAL_NVIC_SetPriorityGrouping
                0x0000000008000c18       0x16 ./Drivers/STM32F1xx_HAL_Driver/Src/stm32f1xx_hal_cortex.o
                0x0000000008000c18                HAL_NVIC_SetPriorityGrouping
 .text.HAL_NVIC_SetPriority
                0x0000000008000c2e       0x38 ./Drivers/STM32F1xx_HAL_Driver/Src/stm32f1xx_hal_cortex.o
                0x0000000008000c2e                HAL_NVIC_SetPriority
 .text.HAL_SYSTICK_Config
                0x0000000008000c66       0x18 ./Drivers/STM32F1xx_HAL_Driver/Src/stm32f1xx_hal_cortex.o
                0x0000000008000c66                HAL_SYSTICK_Config
 *fill*         0x0000000008000c7e        0x2 
 .text.HAL_GPIO_Init
                0x0000000008000c80      0x308 ./Drivers/STM32F1xx_HAL_Driver/Src/stm32f1xx_hal_gpio.o
                0x0000000008000c80                HAL_GPIO_Init
 .text.HAL_I2C_Init
                0x0000000008000f88      0x288 ./Drivers/STM32F1xx_HAL_Driver/Src/stm32f1xx_hal_i2c.o
                0x0000000008000f88                HAL_I2C_Init
 .text.HAL_I2C_Master_Transmit
                0x0000000008001210      0x1fc ./Drivers/STM32F1xx_HAL_Driver/Src/stm32f1xx_hal_i2c.o
                0x0000000008001210                HAL_I2C_Master_Transmit
 .text.HAL_I2C_IsDeviceReady
                0x000000000800140c      0x25c ./Drivers/STM32F1xx_HAL_Driver/Src/stm32f1xx_hal_i2c.o
                0x000000000800140c                HAL_I2C_IsDeviceReady
 .text.I2C_MasterRequestWrite
                0x0000000008001668      0x104 ./Drivers/STM32F1xx_HAL_Driver/Src/stm32f1xx_hal_i2c.o
 .text.I2C_WaitOnFlagUntilTimeout
                0x000000000800176c       0xf4 ./Drivers/STM32F1xx_HAL_Driver/Src/stm32f1xx_hal_i2c.o
 .text.I2C_WaitOnMasterAddressFlagUntilTimeout
                0x0000000008001860      0x140 ./Drivers/STM32F1xx_HAL_Driver/Src/stm32f1xx_hal_i2c.o
 .text.I2C_WaitOnTXEFlagUntilTimeout
                0x00000000080019a0       0x90 ./Drivers/STM32F1xx_HAL_Driver/Src/stm32f1xx_hal_i2c.o
 .text.I2C_WaitOnBTFFlagUntilTimeout
                0x0000000008001a30       0x90 ./Drivers/STM32F1xx_HAL_Driver/Src/stm32f1xx_hal_i2c.o
 .text.I2C_IsAcknowledgeFailed
                0x0000000008001ac0       0x5c ./Drivers/STM32F1xx_HAL_Driver/Src/stm32f1xx_hal_i2c.o
 .text.HAL_RCC_OscConfig
                0x0000000008001b1c      0x504 ./Drivers/STM32F1xx_HAL_Driver/Src/stm32f1xx_hal_rcc.o
                0x0000000008001b1c                HAL_RCC_OscConfig
 .text.HAL_RCC_ClockConfig
                0x0000000008002020      0x1d4 ./Drivers/STM32F1xx_HAL_Driver/Src/stm32f1xx_hal_rcc.o
                0x0000000008002020                HAL_RCC_ClockConfig
 .text.HAL_RCC_GetSysClockFreq
                0x00000000080021f4       0xa8 ./Drivers/STM32F1xx_HAL_Driver/Src/stm32f1xx_hal_rcc.o
                0x00000000080021f4                HAL_RCC_GetSysClockFreq
 .text.HAL_RCC_GetHCLKFreq
                0x000000000800229c       0x14 ./Drivers/STM32F1xx_HAL_Driver/Src/stm32f1xx_hal_rcc.o
                0x000000000800229c                HAL_RCC_GetHCLKFreq
 .text.HAL_RCC_GetPCLK1Freq
                0x00000000080022b0       0x28 ./Drivers/STM32F1xx_HAL_Driver/Src/stm32f1xx_hal_rcc.o
                0x00000000080022b0                HAL_RCC_GetPCLK1Freq
 .text.RCC_Delay
                0x00000000080022d8       0x3c ./Drivers/STM32F1xx_HAL_Driver/Src/stm32f1xx_hal_rcc.o
 .text.memset   0x0000000008002314       0x10 C:/ST/STM32CubeIDE_1.12.0/STM32CubeIDE/plugins/com.st.stm32cube.ide.mcu.externaltools.gnu-tools-for-stm32.11.3.rel1.win32_1.1.1.202309131626/tools/bin/../lib/gcc/arm-none-eabi/11.3.1/../../../../arm-none-eabi/lib/thumb/v7-m/nofp\libc_nano.a(libc_a-memset.o)
                0x0000000008002314                memset
 .text.__libc_init_array
                0x0000000008002324       0x48 C:/ST/STM32CubeIDE_1.12.0/STM32CubeIDE/plugins/com.st.stm32cube.ide.mcu.externaltools.gnu-tools-for-stm32.11.3.rel1.win32_1.1.1.202309131626/tools/bin/../lib/gcc/arm-none-eabi/11.3.1/../../../../arm-none-eabi/lib/thumb/v7-m/nofp\libc_nano.a(libc_a-init.o)
                0x0000000008002324                __libc_init_array
 *(.glue_7)
 .glue_7        0x000000000800236c        0x0 linker stubs
 *(.glue_7t)
 .glue_7t       0x000000000800236c        0x0 linker stubs
 *(.eh_frame)
 .eh_frame      0x000000000800236c        0x0 C:/ST/STM32CubeIDE_1.12.0/STM32CubeIDE/plugins/com.st.stm32cube.ide.mcu.externaltools.gnu-tools-for-stm32.11.3.rel1.win32_1.1.1.202309131626/tools/bin/../lib/gcc/arm-none-eabi/11.3.1/thumb/v7-m/nofp/crtbegin.o
 *(.init)
 .init          0x000000000800236c        0x4 C:/ST/STM32CubeIDE_1.12.0/STM32CubeIDE/plugins/com.st.stm32cube.ide.mcu.externaltools.gnu-tools-for-stm32.11.3.rel1.win32_1.1.1.202309131626/tools/bin/../lib/gcc/arm-none-eabi/11.3.1/thumb/v7-m/nofp/crti.o
                0x000000000800236c                _init
 .init          0x0000000008002370        0x8 C:/ST/STM32CubeIDE_1.12.0/STM32CubeIDE/plugins/com.st.stm32cube.ide.mcu.externaltools.gnu-tools-for-stm32.11.3.rel1.win32_1.1.1.202309131626/tools/bin/../lib/gcc/arm-none-eabi/11.3.1/thumb/v7-m/nofp/crtn.o
 *(.fini)
 .fini          0x0000000008002378        0x4 C:/ST/STM32CubeIDE_1.12.0/STM32CubeIDE/plugins/com.st.stm32cube.ide.mcu.externaltools.gnu-tools-for-stm32.11.3.rel1.win32_1.1.1.202309131626/tools/bin/../lib/gcc/arm-none-eabi/11.3.1/thumb/v7-m/nofp/crti.o
                0x0000000008002378                _fini
 .fini          0x000000000800237c        0x8 C:/ST/STM32CubeIDE_1.12.0/STM32CubeIDE/plugins/com.st.stm32cube.ide.mcu.externaltools.gnu-tools-for-stm32.11.3.rel1.win32_1.1.1.202309131626/tools/bin/../lib/gcc/arm-none-eabi/11.3.1/thumb/v7-m/nofp/crtn.o
                0x0000000008002384                . = ALIGN (0x4)
                0x0000000008002384                _etext = .

.vfp11_veneer   0x0000000008002384        0x0
 .vfp11_veneer  0x0000000008002384        0x0 linker stubs

.v4_bx          0x0000000008002384        0x0
 .v4_bx         0x0000000008002384        0x0 linker stubs

.iplt           0x0000000008002384        0x0
 .iplt          0x0000000008002384        0x0 C:/ST/STM32CubeIDE_1.12.0/STM32CubeIDE/plugins/com.st.stm32cube.ide.mcu.externaltools.gnu-tools-for-stm32.11.3.rel1.win32_1.1.1.202309131626/tools/bin/../lib/gcc/arm-none-eabi/11.3.1/thumb/v7-m/nofp/crtbegin.o

.rodata         0x0000000008002384      0xda0
                0x0000000008002384                . = ALIGN (0x4)
 *(.rodata)
 .rodata        0x0000000008002384       0x18 ./Core/Src/main.o
 *(.rodata*)
 .rodata.Font11x18
                0x000000000800239c      0xd5c ./Core/Src/fonts.o
                0x000000000800239c                Font11x18
 .rodata.AHBPrescTable
                0x00000000080030f8       0x10 ./Core/Src/system_stm32f1xx.o
                0x00000000080030f8                AHBPrescTable
 .rodata.APBPrescTable
                0x0000000008003108        0x8 ./Core/Src/system_stm32f1xx.o
                0x0000000008003108                APBPrescTable
 .rodata.aPLLMULFactorTable.1
                0x0000000008003110       0x10 ./Drivers/STM32F1xx_HAL_Driver/Src/stm32f1xx_hal_rcc.o
 .rodata.aPredivFactorTable.0
                0x0000000008003120        0x2 ./Drivers/STM32F1xx_HAL_Driver/Src/stm32f1xx_hal_rcc.o
                0x0000000008003124                . = ALIGN (0x4)
 *fill*         0x0000000008003122        0x2 

.rel.dyn        0x0000000008003124        0x0
 .rel.iplt      0x0000000008003124        0x0 C:/ST/STM32CubeIDE_1.12.0/STM32CubeIDE/plugins/com.st.stm32cube.ide.mcu.externaltools.gnu-tools-for-stm32.11.3.rel1.win32_1.1.1.202309131626/tools/bin/../lib/gcc/arm-none-eabi/11.3.1/thumb/v7-m/nofp/crtbegin.o

.ARM.extab      0x0000000008003124        0x0
                0x0000000008003124                . = ALIGN (0x4)
 *(.ARM.extab* .gnu.linkonce.armextab.*)
                0x0000000008003124                . = ALIGN (0x4)

.ARM            0x0000000008003124        0x0
                0x0000000008003124                . = ALIGN (0x4)
                0x0000000008003124                __exidx_start = .
 *(.ARM.exidx*)
                0x0000000008003124                __exidx_end = .
                0x0000000008003124                . = ALIGN (0x4)

.preinit_array  0x0000000008003124        0x0
                0x0000000008003124                . = ALIGN (0x4)
                0x0000000008003124                PROVIDE (__preinit_array_start = .)
 *(.preinit_array*)
                0x0000000008003124                PROVIDE (__preinit_array_end = .)
                0x0000000008003124                . = ALIGN (0x4)

.init_array     0x0000000008003124        0x4
                0x0000000008003124                . = ALIGN (0x4)
                0x0000000008003124                PROVIDE (__init_array_start = .)
 *(SORT_BY_NAME(.init_array.*))
 *(.init_array*)
 .init_array    0x0000000008003124        0x4 C:/ST/STM32CubeIDE_1.12.0/STM32CubeIDE/plugins/com.st.stm32cube.ide.mcu.externaltools.gnu-tools-for-stm32.11.3.rel1.win32_1.1.1.202309131626/tools/bin/../lib/gcc/arm-none-eabi/11.3.1/thumb/v7-m/nofp/crtbegin.o
                0x0000000008003128                PROVIDE (__init_array_end = .)
                0x0000000008003128                . = ALIGN (0x4)

.fini_array     0x0000000008003128        0x4
                0x0000000008003128                . = ALIGN (0x4)
                [!provide]                        PROVIDE (__fini_array_start = .)
 *(SORT_BY_NAME(.fini_array.*))
 *(.fini_array*)
 .fini_array    0x0000000008003128        0x4 C:/ST/STM32CubeIDE_1.12.0/STM32CubeIDE/plugins/com.st.stm32cube.ide.mcu.externaltools.gnu-tools-for-stm32.11.3.rel1.win32_1.1.1.202309131626/tools/bin/../lib/gcc/arm-none-eabi/11.3.1/thumb/v7-m/nofp/crtbegin.o
                [!provide]                        PROVIDE (__fini_array_end = .)
                0x000000000800312c                . = ALIGN (0x4)
                0x000000000800312c                _sidata = LOADADDR (.data)

.data           0x0000000020000000       0x14 load address 0x000000000800312c
                0x0000000020000000                . = ALIGN (0x4)
                0x0000000020000000                _sdata = .
 *(.data)
 *(.data*)
 .data.Font_11x18
                0x0000000020000000        0x8 ./Core/Src/fonts.o
                0x0000000020000000                Font_11x18
 .data.SystemCoreClock
                0x0000000020000008        0x4 ./Core/Src/system_stm32f1xx.o
                0x0000000020000008                SystemCoreClock
 .data.uwTickPrio
                0x000000002000000c        0x4 ./Drivers/STM32F1xx_HAL_Driver/Src/stm32f1xx_hal.o
                0x000000002000000c                uwTickPrio
 .data.uwTickFreq
                0x0000000020000010        0x1 ./Drivers/STM32F1xx_HAL_Driver/Src/stm32f1xx_hal.o
                0x0000000020000010                uwTickFreq
 *(.RamFunc)
 *(.RamFunc*)
                0x0000000020000014                . = ALIGN (0x4)
 *fill*         0x0000000020000011        0x3 
                0x0000000020000014                _edata = .

.igot.plt       0x0000000020000014        0x0 load address 0x0000000008003140
 .igot.plt      0x0000000020000014        0x0 C:/ST/STM32CubeIDE_1.12.0/STM32CubeIDE/plugins/com.st.stm32cube.ide.mcu.externaltools.gnu-tools-for-stm32.11.3.rel1.win32_1.1.1.202309131626/tools/bin/../lib/gcc/arm-none-eabi/11.3.1/thumb/v7-m/nofp/crtbegin.o
                0x0000000020000014                . = ALIGN (0x4)

.bss            0x0000000020000014      0x47c load address 0x0000000008003140
                0x0000000020000014                _sbss = .
                0x0000000020000014                __bss_start__ = _sbss
 *(.bss)
 .bss           0x0000000020000014       0x1c C:/ST/STM32CubeIDE_1.12.0/STM32CubeIDE/plugins/com.st.stm32cube.ide.mcu.externaltools.gnu-tools-for-stm32.11.3.rel1.win32_1.1.1.202309131626/tools/bin/../lib/gcc/arm-none-eabi/11.3.1/thumb/v7-m/nofp/crtbegin.o
 *(.bss*)
 .bss.hi2c1     0x0000000020000030       0x54 ./Core/Src/main.o
                0x0000000020000030                hi2c1
 .bss.SSD1306_Buffer
                0x0000000020000084      0x400 ./Core/Src/ssd1306.o
 .bss.SSD1306   0x0000000020000484        0x6 ./Core/Src/ssd1306.o
 *fill*         0x000000002000048a        0x2 
 .bss.uwTick    0x000000002000048c        0x4 ./Drivers/STM32F1xx_HAL_Driver/Src/stm32f1xx_hal.o
                0x000000002000048c                uwTick
 *(COMMON)
                0x0000000020000490                . = ALIGN (0x4)
                0x0000000020000490                _ebss = .
                0x0000000020000490                __bss_end__ = _ebss

._user_heap_stack
                0x0000000020000490      0x600 load address 0x0000000008003140
                0x0000000020000490                . = ALIGN (0x8)
                [!provide]                        PROVIDE (end = .)
                0x0000000020000490                PROVIDE (_end = .)
                0x0000000020000690                . = (. + _Min_Heap_Size)
 *fill*         0x0000000020000490      0x200 
                0x0000000020000a90                . = (. + _Min_Stack_Size)
 *fill*         0x0000000020000690      0x400 
                0x0000000020000a90                . = ALIGN (0x8)

/DISCARD/
 libc.a(*)
 libm.a(*)
 libgcc.a(*)

.ARM.attributes
                0x0000000000000000       0x29
 *(.ARM.attributes)
 .ARM.attributes
                0x0000000000000000       0x1d C:/ST/STM32CubeIDE_1.12.0/STM32CubeIDE/plugins/com.st.stm32cube.ide.mcu.externaltools.gnu-tools-for-stm32.11.3.rel1.win32_1.1.1.202309131626/tools/bin/../lib/gcc/arm-none-eabi/11.3.1/thumb/v7-m/nofp/crti.o
 .ARM.attributes
                0x000000000000001d       0x2d C:/ST/STM32CubeIDE_1.12.0/STM32CubeIDE/plugins/com.st.stm32cube.ide.mcu.externaltools.gnu-tools-for-stm32.11.3.rel1.win32_1.1.1.202309131626/tools/bin/../lib/gcc/arm-none-eabi/11.3.1/thumb/v7-m/nofp/crtbegin.o
 .ARM.attributes
                0x000000000000004a       0x2d ./Core/Src/fonts.o
 .ARM.attributes
                0x0000000000000077       0x2d ./Core/Src/main.o
 .ARM.attributes
                0x00000000000000a4       0x2d ./Core/Src/ssd1306.o
 .ARM.attributes
                0x00000000000000d1       0x2d ./Core/Src/stm32f1xx_hal_msp.o
 .ARM.attributes
                0x00000000000000fe       0x2d ./Core/Src/stm32f1xx_it.o
 .ARM.attributes
                0x000000000000012b       0x2d ./Core/Src/system_stm32f1xx.o
 .ARM.attributes
                0x0000000000000158       0x21 ./Core/Startup/startup_stm32f103c8tx.o
 .ARM.attributes
                0x0000000000000179       0x2d ./Drivers/STM32F1xx_HAL_Driver/Src/stm32f1xx_hal.o
 .ARM.attributes
                0x00000000000001a6       0x2d ./Drivers/STM32F1xx_HAL_Driver/Src/stm32f1xx_hal_cortex.o
 .ARM.attributes
                0x00000000000001d3       0x2d ./Drivers/STM32F1xx_HAL_Driver/Src/stm32f1xx_hal_gpio.o
 .ARM.attributes
                0x0000000000000200       0x2d ./Drivers/STM32F1xx_HAL_Driver/Src/stm32f1xx_hal_i2c.o
 .ARM.attributes
                0x000000000000022d       0x2d ./Drivers/STM32F1xx_HAL_Driver/Src/stm32f1xx_hal_rcc.o
 .ARM.attributes
                0x000000000000025a       0x2d C:/ST/STM32CubeIDE_1.12.0/STM32CubeIDE/plugins/com.st.stm32cube.ide.mcu.externaltools.gnu-tools-for-stm32.11.3.rel1.win32_1.1.1.202309131626/tools/bin/../lib/gcc/arm-none-eabi/11.3.1/../../../../arm-none-eabi/lib/thumb/v7-m/nofp\libc_nano.a(libc_a-memset.o)
 .ARM.attributes
                0x0000000000000287       0x2d C:/ST/STM32CubeIDE_1.12.0/STM32CubeIDE/plugins/com.st.stm32cube.ide.mcu.externaltools.gnu-tools-for-stm32.11.3.rel1.win32_1.1.1.202309131626/tools/bin/../lib/gcc/arm-none-eabi/11.3.1/../../../../arm-none-eabi/lib/thumb/v7-m/nofp\libc_nano.a(libc_a-init.o)
 .ARM.attributes
                0x00000000000002b4       0x1d C:/ST/STM32CubeIDE_1.12.0/STM32CubeIDE/plugins/com.st.stm32cube.ide.mcu.externaltools.gnu-tools-for-stm32.11.3.rel1.win32_1.1.1.202309131626/tools/bin/../lib/gcc/arm-none-eabi/11.3.1/thumb/v7-m/nofp/crtn.o
OUTPUT(OLED.elf elf32-littlearm)
LOAD linker stubs
LOAD C:/ST/STM32CubeIDE_1.12.0/STM32CubeIDE/plugins/com.st.stm32cube.ide.mcu.externaltools.gnu-tools-for-stm32.11.3.rel1.win32_1.1.1.202309131626/tools/bin/../lib/gcc/arm-none-eabi/11.3.1/../../../../arm-none-eabi/lib/thumb/v7-m/nofp\libc.a
LOAD C:/ST/STM32CubeIDE_1.12.0/STM32CubeIDE/plugins/com.st.stm32cube.ide.mcu.externaltools.gnu-tools-for-stm32.11.3.rel1.win32_1.1.1.202309131626/tools/bin/../lib/gcc/arm-none-eabi/11.3.1/../../../../arm-none-eabi/lib/thumb/v7-m/nofp\libm.a
LOAD C:/ST/STM32CubeIDE_1.12.0/STM32CubeIDE/plugins/com.st.stm32cube.ide.mcu.externaltools.gnu-tools-for-stm32.11.3.rel1.win32_1.1.1.202309131626/tools/bin/../lib/gcc/arm-none-eabi/11.3.1/thumb/v7-m/nofp\libgcc.a

.comment        0x0000000000000000       0x43
 .comment       0x0000000000000000       0x43 C:/ST/STM32CubeIDE_1.12.0/STM32CubeIDE/plugins/com.st.stm32cube.ide.mcu.externaltools.gnu-tools-for-stm32.11.3.rel1.win32_1.1.1.202309131626/tools/bin/../lib/gcc/arm-none-eabi/11.3.1/thumb/v7-m/nofp/crtbegin.o
                                         0x44 (size before relaxing)
 .comment       0x0000000000000043       0x44 ./Core/Src/fonts.o
 .comment       0x0000000000000043       0x44 ./Core/Src/main.o
 .comment       0x0000000000000043       0x44 ./Core/Src/ssd1306.o
 .comment       0x0000000000000043       0x44 ./Core/Src/stm32f1xx_hal_msp.o
 .comment       0x0000000000000043       0x44 ./Core/Src/stm32f1xx_it.o
 .comment       0x0000000000000043       0x44 ./Core/Src/system_stm32f1xx.o
 .comment       0x0000000000000043       0x44 ./Drivers/STM32F1xx_HAL_Driver/Src/stm32f1xx_hal.o
 .comment       0x0000000000000043       0x44 ./Drivers/STM32F1xx_HAL_Driver/Src/stm32f1xx_hal_cortex.o
 .comment       0x0000000000000043       0x44 ./Drivers/STM32F1xx_HAL_Driver/Src/stm32f1xx_hal_gpio.o
 .comment       0x0000000000000043       0x44 ./Drivers/STM32F1xx_HAL_Driver/Src/stm32f1xx_hal_i2c.o
 .comment       0x0000000000000043       0x44 ./Drivers/STM32F1xx_HAL_Driver/Src/stm32f1xx_hal_rcc.o

.debug_info     0x0000000000000000     0x6be7
 .debug_info    0x0000000000000000      0x255 ./Core/Src/fonts.o
 .debug_info    0x0000000000000255      0x9ad ./Core/Src/main.o
 .debug_info    0x0000000000000c02     0x1028 ./Core/Src/ssd1306.o
 .debug_info    0x0000000000001c2a      0x845 ./Core/Src/stm32f1xx_hal_msp.o
 .debug_info    0x000000000000246f      0x113 ./Core/Src/stm32f1xx_it.o
 .debug_info    0x0000000000002582      0x222 ./Core/Src/system_stm32f1xx.o
 .debug_info    0x00000000000027a4       0x23 ./Core/Startup/startup_stm32f103c8tx.o
 .debug_info    0x00000000000027c7      0x704 ./Drivers/STM32F1xx_HAL_Driver/Src/stm32f1xx_hal.o
 .debug_info    0x0000000000002ecb      0xa87 ./Drivers/STM32F1xx_HAL_Driver/Src/stm32f1xx_hal_cortex.o
 .debug_info    0x0000000000003952      0x5ab ./Drivers/STM32F1xx_HAL_Driver/Src/stm32f1xx_hal_gpio.o
 .debug_info    0x0000000000003efd     0x2515 ./Drivers/STM32F1xx_HAL_Driver/Src/stm32f1xx_hal_i2c.o
 .debug_info    0x0000000000006412      0x7d5 ./Drivers/STM32F1xx_HAL_Driver/Src/stm32f1xx_hal_rcc.o

.debug_abbrev   0x0000000000000000     0x1650
 .debug_abbrev  0x0000000000000000      0x11c ./Core/Src/fonts.o
 .debug_abbrev  0x000000000000011c      0x2a7 ./Core/Src/main.o
 .debug_abbrev  0x00000000000003c3      0x30d ./Core/Src/ssd1306.o
 .debug_abbrev  0x00000000000006d0      0x1a3 ./Core/Src/stm32f1xx_hal_msp.o
 .debug_abbrev  0x0000000000000873       0x73 ./Core/Src/stm32f1xx_it.o
 .debug_abbrev  0x00000000000008e6      0x13f ./Core/Src/system_stm32f1xx.o
 .debug_abbrev  0x0000000000000a25       0x12 ./Core/Startup/startup_stm32f103c8tx.o
 .debug_abbrev  0x0000000000000a37      0x201 ./Drivers/STM32F1xx_HAL_Driver/Src/stm32f1xx_hal.o
 .debug_abbrev  0x0000000000000c38      0x2f8 ./Drivers/STM32F1xx_HAL_Driver/Src/stm32f1xx_hal_cortex.o
 .debug_abbrev  0x0000000000000f30      0x1ca ./Drivers/STM32F1xx_HAL_Driver/Src/stm32f1xx_hal_gpio.o
 .debug_abbrev  0x00000000000010fa      0x2a3 ./Drivers/STM32F1xx_HAL_Driver/Src/stm32f1xx_hal_i2c.o
 .debug_abbrev  0x000000000000139d      0x2b3 ./Drivers/STM32F1xx_HAL_Driver/Src/stm32f1xx_hal_rcc.o

.debug_aranges  0x0000000000000000      0x7a8
 .debug_aranges
                0x0000000000000000       0x20 ./Core/Src/fonts.o
 .debug_aranges
                0x0000000000000020       0x40 ./Core/Src/main.o
 .debug_aranges
                0x0000000000000060       0xf8 ./Core/Src/ssd1306.o
 .debug_aranges
                0x0000000000000158       0x30 ./Core/Src/stm32f1xx_hal_msp.o
 .debug_aranges
                0x0000000000000188       0x60 ./Core/Src/stm32f1xx_it.o
 .debug_aranges
                0x00000000000001e8       0x28 ./Core/Src/system_stm32f1xx.o
 .debug_aranges
                0x0000000000000210       0x28 ./Core/Startup/startup_stm32f103c8tx.o
 .debug_aranges
                0x0000000000000238       0xe0 ./Drivers/STM32F1xx_HAL_Driver/Src/stm32f1xx_hal.o
 .debug_aranges
                0x0000000000000318      0x100 ./Drivers/STM32F1xx_HAL_Driver/Src/stm32f1xx_hal_cortex.o
 .debug_aranges
                0x0000000000000418       0x58 ./Drivers/STM32F1xx_HAL_Driver/Src/stm32f1xx_hal_gpio.o
 .debug_aranges
                0x0000000000000470      0x2a8 ./Drivers/STM32F1xx_HAL_Driver/Src/stm32f1xx_hal_i2c.o
 .debug_aranges
                0x0000000000000718       0x90 ./Drivers/STM32F1xx_HAL_Driver/Src/stm32f1xx_hal_rcc.o

.debug_rnglists
                0x0000000000000000      0x5db
 .debug_rnglists
                0x0000000000000000       0x13 ./Core/Src/fonts.o
 .debug_rnglists
                0x0000000000000013       0x2c ./Core/Src/main.o
 .debug_rnglists
                0x000000000000003f       0xc2 ./Core/Src/ssd1306.o
 .debug_rnglists
                0x0000000000000101       0x1f ./Core/Src/stm32f1xx_hal_msp.o
 .debug_rnglists
                0x0000000000000120       0x43 ./Core/Src/stm32f1xx_it.o
 .debug_rnglists
                0x0000000000000163       0x1a ./Core/Src/system_stm32f1xx.o
 .debug_rnglists
                0x000000000000017d       0x19 ./Core/Startup/startup_stm32f103c8tx.o
 .debug_rnglists
                0x0000000000000196       0xa3 ./Drivers/STM32F1xx_HAL_Driver/Src/stm32f1xx_hal.o
 .debug_rnglists
                0x0000000000000239       0xbb ./Drivers/STM32F1xx_HAL_Driver/Src/stm32f1xx_hal_cortex.o
 .debug_rnglists
                0x00000000000002f4       0x3f ./Drivers/STM32F1xx_HAL_Driver/Src/stm32f1xx_hal_gpio.o
 .debug_rnglists
                0x0000000000000333      0x23c ./Drivers/STM32F1xx_HAL_Driver/Src/stm32f1xx_hal_i2c.o
 .debug_rnglists
                0x000000000000056f       0x6c ./Drivers/STM32F1xx_HAL_Driver/Src/stm32f1xx_hal_rcc.o

.debug_macro    0x0000000000000000    0x16c78
 .debug_macro   0x0000000000000000      0x266 ./Core/Src/fonts.o
 .debug_macro   0x0000000000000266      0xa9c ./Core/Src/fonts.o
 .debug_macro   0x0000000000000d02      0x215 ./Core/Src/fonts.o
 .debug_macro   0x0000000000000f17       0x2e ./Core/Src/fonts.o
 .debug_macro   0x0000000000000f45       0x22 ./Core/Src/fonts.o
 .debug_macro   0x0000000000000f67       0x22 ./Core/Src/fonts.o
 .debug_macro   0x0000000000000f89       0x8e ./Core/Src/fonts.o
 .debug_macro   0x0000000000001017       0x51 ./Core/Src/fonts.o
 .debug_macro   0x0000000000001068      0x103 ./Core/Src/fonts.o
 .debug_macro   0x000000000000116b       0x6a ./Core/Src/fonts.o
 .debug_macro   0x00000000000011d5      0x1df ./Core/Src/fonts.o
 .debug_macro   0x00000000000013b4       0x1c ./Core/Src/fonts.o
 .debug_macro   0x00000000000013d0       0x22 ./Core/Src/fonts.o
 .debug_macro   0x00000000000013f2       0xbd ./Core/Src/fonts.o
 .debug_macro   0x00000000000014af      0xd23 ./Core/Src/fonts.o
 .debug_macro   0x00000000000021d2     0xe09e ./Core/Src/fonts.o
 .debug_macro   0x0000000000010270       0x6d ./Core/Src/fonts.o
 .debug_macro   0x00000000000102dd     0x348d ./Core/Src/fonts.o
 .debug_macro   0x000000000001376a      0x174 ./Core/Src/fonts.o
 .debug_macro   0x00000000000138de       0x5c ./Core/Src/fonts.o
 .debug_macro   0x000000000001393a      0x5bc ./Core/Src/fonts.o
 .debug_macro   0x0000000000013ef6      0x289 ./Core/Src/fonts.o
 .debug_macro   0x000000000001417f      0x1cb ./Core/Src/fonts.o
 .debug_macro   0x000000000001434a      0x114 ./Core/Src/fonts.o
 .debug_macro   0x000000000001445e      0x1b2 ./Core/Src/fonts.o
 .debug_macro   0x0000000000014610       0x27 ./Core/Src/fonts.o
 .debug_macro   0x0000000000014637      0x136 ./Core/Src/fonts.o
 .debug_macro   0x000000000001476d      0x1bc ./Core/Src/fonts.o
 .debug_macro   0x0000000000014929       0x34 ./Core/Src/fonts.o
 .debug_macro   0x000000000001495d       0x3c ./Core/Src/fonts.o
 .debug_macro   0x0000000000014999       0x57 ./Core/Src/fonts.o
 .debug_macro   0x00000000000149f0       0x87 ./Core/Src/fonts.o
 .debug_macro   0x0000000000014a77      0x240 ./Core/Src/fonts.o
 .debug_macro   0x0000000000014cb7      0x287 ./Core/Src/fonts.o
 .debug_macro   0x0000000000014f3e      0x140 ./Core/Src/fonts.o
 .debug_macro   0x000000000001507e       0x83 ./Core/Src/fonts.o
 .debug_macro   0x0000000000015101       0x61 ./Core/Src/fonts.o
 .debug_macro   0x0000000000015162       0x24 ./Core/Src/fonts.o
 .debug_macro   0x0000000000015186       0x43 ./Core/Src/fonts.o
 .debug_macro   0x00000000000151c9       0x34 ./Core/Src/fonts.o
 .debug_macro   0x00000000000151fd       0x16 ./Core/Src/fonts.o
 .debug_macro   0x0000000000015213       0x43 ./Core/Src/fonts.o
 .debug_macro   0x0000000000015256       0x34 ./Core/Src/fonts.o
 .debug_macro   0x000000000001528a       0x10 ./Core/Src/fonts.o
 .debug_macro   0x000000000001529a       0x58 ./Core/Src/fonts.o
 .debug_macro   0x00000000000152f2       0x8e ./Core/Src/fonts.o
 .debug_macro   0x0000000000015380       0x1c ./Core/Src/fonts.o
 .debug_macro   0x000000000001539c      0x177 ./Core/Src/fonts.o
 .debug_macro   0x0000000000015513      0x369 ./Core/Src/fonts.o
 .debug_macro   0x000000000001587c       0x10 ./Core/Src/fonts.o
 .debug_macro   0x000000000001588c       0x35 ./Core/Src/fonts.o
 .debug_macro   0x00000000000158c1       0x20 ./Core/Src/fonts.o
 .debug_macro   0x00000000000158e1      0x2b7 ./Core/Src/main.o
 .debug_macro   0x0000000000015b98       0x16 ./Core/Src/main.o
 .debug_macro   0x0000000000015bae       0x16 ./Core/Src/main.o
 .debug_macro   0x0000000000015bc4       0x29 ./Core/Src/main.o
 .debug_macro   0x0000000000015bed       0x1d ./Core/Src/main.o
 .debug_macro   0x0000000000015c0a      0x2f1 ./Core/Src/ssd1306.o
 .debug_macro   0x0000000000015efb      0x198 ./Core/Src/stm32f1xx_hal_msp.o
 .debug_macro   0x0000000000016093      0x1a2 ./Core/Src/stm32f1xx_it.o
 .debug_macro   0x0000000000016235      0x18e ./Core/Src/system_stm32f1xx.o
 .debug_macro   0x00000000000163c3      0x1b2 ./Drivers/STM32F1xx_HAL_Driver/Src/stm32f1xx_hal.o
 .debug_macro   0x0000000000016575      0x18e ./Drivers/STM32F1xx_HAL_Driver/Src/stm32f1xx_hal_cortex.o
 .debug_macro   0x0000000000016703      0x1f9 ./Drivers/STM32F1xx_HAL_Driver/Src/stm32f1xx_hal_gpio.o
 .debug_macro   0x00000000000168fc      0x1dc ./Drivers/STM32F1xx_HAL_Driver/Src/stm32f1xx_hal_i2c.o
 .debug_macro   0x0000000000016ad8      0x1a0 ./Drivers/STM32F1xx_HAL_Driver/Src/stm32f1xx_hal_rcc.o

.debug_line     0x0000000000000000     0x9f05
 .debug_line    0x0000000000000000      0x832 ./Core/Src/fonts.o
 .debug_line    0x0000000000000832      0x936 ./Core/Src/main.o
 .debug_line    0x0000000000001168      0xfeb ./Core/Src/ssd1306.o
 .debug_line    0x0000000000002153      0x715 ./Core/Src/stm32f1xx_hal_msp.o
 .debug_line    0x0000000000002868      0x78d ./Core/Src/stm32f1xx_it.o
 .debug_line    0x0000000000002ff5      0x749 ./Core/Src/system_stm32f1xx.o
 .debug_line    0x000000000000373e       0x78 ./Core/Startup/startup_stm32f103c8tx.o
 .debug_line    0x00000000000037b6      0x976 ./Drivers/STM32F1xx_HAL_Driver/Src/stm32f1xx_hal.o
 .debug_line    0x000000000000412c      0xb5e ./Drivers/STM32F1xx_HAL_Driver/Src/stm32f1xx_hal_cortex.o
 .debug_line    0x0000000000004c8a      0xa0f ./Drivers/STM32F1xx_HAL_Driver/Src/stm32f1xx_hal_gpio.o
 .debug_line    0x0000000000005699     0x3aed ./Drivers/STM32F1xx_HAL_Driver/Src/stm32f1xx_hal_i2c.o
 .debug_line    0x0000000000009186      0xd7f ./Drivers/STM32F1xx_HAL_Driver/Src/stm32f1xx_hal_rcc.o

.debug_str      0x0000000000000000    0x81c22
 .debug_str     0x0000000000000000    0x7f34b ./Core/Src/fonts.o
                                      0x7f6a2 (size before relaxing)
 .debug_str     0x000000000007f34b      0x7f0 ./Core/Src/main.o
                                      0x7fe7a (size before relaxing)
 .debug_str     0x000000000007fb3b      0x4ed ./Core/Src/ssd1306.o
                                      0x8016f (size before relaxing)
 .debug_str     0x0000000000080028       0xdc ./Core/Src/stm32f1xx_hal_msp.o
                                      0x7ca2f (size before relaxing)
 .debug_str     0x0000000000080104       0xc9 ./Core/Src/stm32f1xx_it.o
                                      0x7c540 (size before relaxing)
 .debug_str     0x00000000000801cd       0x7e ./Core/Src/system_stm32f1xx.o
                                      0x7c556 (size before relaxing)
 .debug_str     0x000000000008024b       0x34 ./Core/Startup/startup_stm32f103c8tx.o
                                         0x5e (size before relaxing)
 .debug_str     0x000000000008027f      0x611 ./Drivers/STM32F1xx_HAL_Driver/Src/stm32f1xx_hal.o
                                      0x7cc89 (size before relaxing)
 .debug_str     0x0000000000080890      0x2bb ./Drivers/STM32F1xx_HAL_Driver/Src/stm32f1xx_hal_cortex.o
                                      0x7cbd5 (size before relaxing)
 .debug_str     0x0000000000080b4b      0x322 ./Drivers/STM32F1xx_HAL_Driver/Src/stm32f1xx_hal_gpio.o
                                      0x7c8dc (size before relaxing)
 .debug_str     0x0000000000080e6d      0xbac ./Drivers/STM32F1xx_HAL_Driver/Src/stm32f1xx_hal_i2c.o
                                      0x7d61d (size before relaxing)
 .debug_str     0x0000000000081a19      0x209 ./Drivers/STM32F1xx_HAL_Driver/Src/stm32f1xx_hal_rcc.o
                                      0x7c985 (size before relaxing)

.debug_frame    0x0000000000000000     0x1e68
 .debug_frame   0x0000000000000000       0x38 ./Core/Src/fonts.o
 .debug_frame   0x0000000000000038       0xb0 ./Core/Src/main.o
 .debug_frame   0x00000000000000e8      0x414 ./Core/Src/ssd1306.o
 .debug_frame   0x00000000000004fc       0x80 ./Core/Src/stm32f1xx_hal_msp.o
 .debug_frame   0x000000000000057c      0x104 ./Core/Src/stm32f1xx_it.o
 .debug_frame   0x0000000000000680       0x58 ./Core/Src/system_stm32f1xx.o
 .debug_frame   0x00000000000006d8      0x334 ./Drivers/STM32F1xx_HAL_Driver/Src/stm32f1xx_hal.o
 .debug_frame   0x0000000000000a0c      0x428 ./Drivers/STM32F1xx_HAL_Driver/Src/stm32f1xx_hal_cortex.o
 .debug_frame   0x0000000000000e34      0x14c ./Drivers/STM32F1xx_HAL_Driver/Src/stm32f1xx_hal_gpio.o
 .debug_frame   0x0000000000000f80      0xc84 ./Drivers/STM32F1xx_HAL_Driver/Src/stm32f1xx_hal_i2c.o
 .debug_frame   0x0000000000001c04      0x218 ./Drivers/STM32F1xx_HAL_Driver/Src/stm32f1xx_hal_rcc.o
 .debug_frame   0x0000000000001e1c       0x20 C:/ST/STM32CubeIDE_1.12.0/STM32CubeIDE/plugins/com.st.stm32cube.ide.mcu.externaltools.gnu-tools-for-stm32.11.3.rel1.win32_1.1.1.202309131626/tools/bin/../lib/gcc/arm-none-eabi/11.3.1/../../../../arm-none-eabi/lib/thumb/v7-m/nofp\libc_nano.a(libc_a-memset.o)
 .debug_frame   0x0000000000001e3c       0x2c C:/ST/STM32CubeIDE_1.12.0/STM32CubeIDE/plugins/com.st.stm32cube.ide.mcu.externaltools.gnu-tools-for-stm32.11.3.rel1.win32_1.1.1.202309131626/tools/bin/../lib/gcc/arm-none-eabi/11.3.1/../../../../arm-none-eabi/lib/thumb/v7-m/nofp\libc_nano.a(libc_a-init.o)

.debug_line_str
                0x0000000000000000       0x52
 .debug_line_str
                0x0000000000000000       0x52 ./Core/Startup/startup_stm32f103c8tx.o
                                         0x6a (size before relaxing)
