../Core/Src/main.cpp:29:3:ServoMotor::ServoMotor(TIM_HandleTypeDef&, uint32_t)	24	static
../Core/Src/main.cpp:32:8:void ServoMotor::pwmWrite(int)	32	static
../Core/Src/main.cpp:43:7:int ServoMotor::map(int, int, int, int, int)	24	static
../Core/Src/main.cpp:49:6:void handleReceivedData(uint8_t*)	64	static
../Core/Src/main.cpp:168:5:int main()	40	static
../Core/Src/main.cpp:228:6:void SystemClock_Config()	72	static
../Core/Src/main.cpp:260:13:void MX_I2C1_Init()	8	static
../Core/Src/main.cpp:289:13:void MX_TIM2_Init()	64	static
../Core/Src/main.cpp:351:13:void MX_TIM3_Init()	64	static
../Core/Src/main.cpp:405:13:void MX_USART1_UART_Init()	8	static
../Core/Src/main.cpp:433:13:void MX_GPIO_Init()	16	static
../Core/Src/main.cpp:447:6:void HAL_UART_RxCpltCallback(UART_HandleTypeDef*)	16	static
../Core/Src/main.cpp:460:6:void Error_Handler()	4	static,ignoring_inline_asm
