../Core/Src/main.c:26:5:map	24	static
../Core/Src/main.c:31:6:handleReceivedData	48	static
../Core/Src/main.c:163:5:main	8	static
../Core/Src/main.c:194:6:SystemClock_Config	72	static
../Core/Src/main.c:231:13:MX_I2C1_Init	8	static
../Core/Src/main.c:265:13:MX_TIM2_Init	64	static
../Core/Src/main.c:332:13:MX_TIM3_Init	64	static
../Core/Src/main.c:391:13:MX_USART1_UART_Init	8	static
../Core/Src/main.c:424:13:MX_GPIO_Init	16	static
../Core/Src/main.c:438:6:HAL_UART_RxCpltCallback	16	static
../Core/Src/main.c:454:6:Error_Handler	4	static,ignoring_inline_asm
