Archive member included to satisfy reference by file (symbol)

C:/ST/STM32CubeIDE_1.12.0/STM32CubeIDE/plugins/com.st.stm32cube.ide.mcu.externaltools.gnu-tools-for-stm32.11.3.rel1.win32_1.1.1.202309131626/tools/bin/../lib/gcc/arm-none-eabi/11.3.1/../../../../arm-none-eabi/lib/thumb/v7-m/nofp\libc_nano.a(libc_a-atoi.o)
                              ./Core/Src/main.o (atoi)
C:/ST/STM32CubeIDE_1.12.0/STM32CubeIDE/plugins/com.st.stm32cube.ide.mcu.externaltools.gnu-tools-for-stm32.11.3.rel1.win32_1.1.1.202309131626/tools/bin/../lib/gcc/arm-none-eabi/11.3.1/../../../../arm-none-eabi/lib/thumb/v7-m/nofp\libc_nano.a(libc_a-exit.o)
                              C:/ST/STM32CubeIDE_1.12.0/STM32CubeIDE/plugins/com.st.stm32cube.ide.mcu.externaltools.gnu-tools-for-stm32.11.3.rel1.win32_1.1.1.202309131626/tools/bin/../lib/gcc/arm-none-eabi/11.3.1/../../../../arm-none-eabi/lib/thumb/v7-m/nofp/crt0.o (exit)
C:/ST/STM32CubeIDE_1.12.0/STM32CubeIDE/plugins/com.st.stm32cube.ide.mcu.externaltools.gnu-tools-for-stm32.11.3.rel1.win32_1.1.1.202309131626/tools/bin/../lib/gcc/arm-none-eabi/11.3.1/../../../../arm-none-eabi/lib/thumb/v7-m/nofp\libc_nano.a(libc_a-strtol.o)
                              C:/ST/STM32CubeIDE_1.12.0/STM32CubeIDE/plugins/com.st.stm32cube.ide.mcu.externaltools.gnu-tools-for-stm32.11.3.rel1.win32_1.1.1.202309131626/tools/bin/../lib/gcc/arm-none-eabi/11.3.1/../../../../arm-none-eabi/lib/thumb/v7-m/nofp\libc_nano.a(libc_a-atoi.o) (_strtol_r)
C:/ST/STM32CubeIDE_1.12.0/STM32CubeIDE/plugins/com.st.stm32cube.ide.mcu.externaltools.gnu-tools-for-stm32.11.3.rel1.win32_1.1.1.202309131626/tools/bin/../lib/gcc/arm-none-eabi/11.3.1/../../../../arm-none-eabi/lib/thumb/v7-m/nofp\libc_nano.a(libc_a-ctype_.o)
                              C:/ST/STM32CubeIDE_1.12.0/STM32CubeIDE/plugins/com.st.stm32cube.ide.mcu.externaltools.gnu-tools-for-stm32.11.3.rel1.win32_1.1.1.202309131626/tools/bin/../lib/gcc/arm-none-eabi/11.3.1/../../../../arm-none-eabi/lib/thumb/v7-m/nofp\libc_nano.a(libc_a-strtol.o) (_ctype_)
C:/ST/STM32CubeIDE_1.12.0/STM32CubeIDE/plugins/com.st.stm32cube.ide.mcu.externaltools.gnu-tools-for-stm32.11.3.rel1.win32_1.1.1.202309131626/tools/bin/../lib/gcc/arm-none-eabi/11.3.1/../../../../arm-none-eabi/lib/thumb/v7-m/nofp\libc_nano.a(libc_a-findfp.o)
                              C:/ST/STM32CubeIDE_1.12.0/STM32CubeIDE/plugins/com.st.stm32cube.ide.mcu.externaltools.gnu-tools-for-stm32.11.3.rel1.win32_1.1.1.202309131626/tools/bin/../lib/gcc/arm-none-eabi/11.3.1/../../../../arm-none-eabi/lib/thumb/v7-m/nofp\libc_nano.a(libc_a-exit.o) (__stdio_exit_handler)
C:/ST/STM32CubeIDE_1.12.0/STM32CubeIDE/plugins/com.st.stm32cube.ide.mcu.externaltools.gnu-tools-for-stm32.11.3.rel1.win32_1.1.1.202309131626/tools/bin/../lib/gcc/arm-none-eabi/11.3.1/../../../../arm-none-eabi/lib/thumb/v7-m/nofp\libc_nano.a(libc_a-fwalk.o)
                              C:/ST/STM32CubeIDE_1.12.0/STM32CubeIDE/plugins/com.st.stm32cube.ide.mcu.externaltools.gnu-tools-for-stm32.11.3.rel1.win32_1.1.1.202309131626/tools/bin/../lib/gcc/arm-none-eabi/11.3.1/../../../../arm-none-eabi/lib/thumb/v7-m/nofp\libc_nano.a(libc_a-findfp.o) (_fwalk_sglue)
C:/ST/STM32CubeIDE_1.12.0/STM32CubeIDE/plugins/com.st.stm32cube.ide.mcu.externaltools.gnu-tools-for-stm32.11.3.rel1.win32_1.1.1.202309131626/tools/bin/../lib/gcc/arm-none-eabi/11.3.1/../../../../arm-none-eabi/lib/thumb/v7-m/nofp\libc_nano.a(libc_a-stdio.o)
                              C:/ST/STM32CubeIDE_1.12.0/STM32CubeIDE/plugins/com.st.stm32cube.ide.mcu.externaltools.gnu-tools-for-stm32.11.3.rel1.win32_1.1.1.202309131626/tools/bin/../lib/gcc/arm-none-eabi/11.3.1/../../../../arm-none-eabi/lib/thumb/v7-m/nofp\libc_nano.a(libc_a-findfp.o) (__sread)
C:/ST/STM32CubeIDE_1.12.0/STM32CubeIDE/plugins/com.st.stm32cube.ide.mcu.externaltools.gnu-tools-for-stm32.11.3.rel1.win32_1.1.1.202309131626/tools/bin/../lib/gcc/arm-none-eabi/11.3.1/../../../../arm-none-eabi/lib/thumb/v7-m/nofp\libc_nano.a(libc_a-memset.o)
                              C:/ST/STM32CubeIDE_1.12.0/STM32CubeIDE/plugins/com.st.stm32cube.ide.mcu.externaltools.gnu-tools-for-stm32.11.3.rel1.win32_1.1.1.202309131626/tools/bin/../lib/gcc/arm-none-eabi/11.3.1/../../../../arm-none-eabi/lib/thumb/v7-m/nofp/crt0.o (memset)
C:/ST/STM32CubeIDE_1.12.0/STM32CubeIDE/plugins/com.st.stm32cube.ide.mcu.externaltools.gnu-tools-for-stm32.11.3.rel1.win32_1.1.1.202309131626/tools/bin/../lib/gcc/arm-none-eabi/11.3.1/../../../../arm-none-eabi/lib/thumb/v7-m/nofp\libc_nano.a(libc_a-closer.o)
                              C:/ST/STM32CubeIDE_1.12.0/STM32CubeIDE/plugins/com.st.stm32cube.ide.mcu.externaltools.gnu-tools-for-stm32.11.3.rel1.win32_1.1.1.202309131626/tools/bin/../lib/gcc/arm-none-eabi/11.3.1/../../../../arm-none-eabi/lib/thumb/v7-m/nofp\libc_nano.a(libc_a-stdio.o) (_close_r)
[...]
Memory Configuration

Name             Origin             Length             Attributes
RAM              0x0000000020000000 0x0000000000005000 xrw
FLASH            0x0000000008000000 0x0000000000010000 xr
*default*        0x0000000000000000 0xffffffffffffffff

Linker script and memory map

LOAD C:/ST/STM32CubeIDE_1.12.0/STM32CubeIDE/plugins/com.st.stm32cube.ide.mcu.externaltools.gnu-tools-for-stm32.11.3.rel1.win32_1.1.1.202309131626/tools/bin/../lib/gcc/arm-none-eabi/11.3.1/thumb/v7-m/nofp/crti.o
LOAD C:/ST/STM32CubeIDE_1.12.0/STM32CubeIDE/plugins/com.st.stm32cube.ide.mcu.externaltools.gnu-tools-for-stm32.11.3.rel1.win32_1.1.1.202309131626/tools/bin/../lib/gcc/arm-none-eabi/11.3.1/thumb/v7-m/nofp/crtbegin.o
LOAD C:/ST/STM32CubeIDE_1.12.0/STM32CubeIDE/plugins/com.st.stm32cube.ide.mcu.externaltools.gnu-tools-for-stm32.11.3.rel1.win32_1.1.1.202309131626/tools/bin/../lib/gcc/arm-none-eabi/11.3.1/../../../../arm-none-eabi/lib/thumb/v7-m/nofp/crt0.o
LOAD ./Core/Src/fonts.o
LOAD ./Core/Src/main.o
LOAD ./Core/Src/ssd1306.o
LOAD ./Core/Src/stm32f1xx_hal_msp.o
LOAD ./Core/Src/stm32f1xx_it.o
LOAD ./Core/Src/syscalls.o
LOAD ./Core/Src/sysmem.o
LOAD ./Core/Src/system_stm32f1xx.o
LOAD ./Core/Startup/startup_stm32f103c8tx.o
LOAD ./Drivers/STM32F1xx_HAL_Driver/Src/stm32f1xx_hal.o
LOAD ./Drivers/STM32F1xx_HAL_Driver/Src/stm32f1xx_hal_cortex.o
LOAD ./Drivers/STM32F1xx_HAL_Driver/Src/stm32f1xx_hal_dma.o
LOAD ./Drivers/STM32F1xx_HAL_Driver/Src/stm32f1xx_hal_exti.o
LOAD ./Drivers/STM32F1xx_HAL_Driver/Src/stm32f1xx_hal_flash.o
LOAD ./Drivers/STM32F1xx_HAL_Driver/Src/stm32f1xx_hal_flash_ex.o
LOAD ./Drivers/STM32F1xx_HAL_Driver/Src/stm32f1xx_hal_gpio.o
LOAD ./Drivers/STM32F1xx_HAL_Driver/Src/stm32f1xx_hal_gpio_ex.o
LOAD ./Drivers/STM32F1xx_HAL_Driver/Src/stm32f1xx_hal_i2c.o
LOAD ./Drivers/STM32F1xx_HAL_Driver/Src/stm32f1xx_hal_pwr.o
LOAD ./Drivers/STM32F1xx_HAL_Driver/Src/stm32f1xx_hal_rcc.o
LOAD ./Drivers/STM32F1xx_HAL_Driver/Src/stm32f1xx_hal_rcc_ex.o
LOAD ./Drivers/STM32F1xx_HAL_Driver/Src/stm32f1xx_hal_tim.o
LOAD ./Drivers/STM32F1xx_HAL_Driver/Src/stm32f1xx_hal_tim_ex.o
LOAD ./Drivers/STM32F1xx_HAL_Driver/Src/stm32f1xx_hal_uart.o
START GROUP
LOAD C:/ST/STM32CubeIDE_1.12.0/STM32CubeIDE/plugins/com.st.stm32cube.ide.mcu.externaltools.gnu-tools-for-stm32.11.3.rel1.win32_1.1.1.202309131626/tools/bin/../lib/gcc/arm-none-eabi/11.3.1/../../../../arm-none-eabi/lib/thumb/v7-m/nofp\libc_nano.a
LOAD C:/ST/STM32CubeIDE_1.12.0/STM32CubeIDE/plugins/com.st.stm32cube.ide.mcu.externaltools.gnu-tools-for-stm32.11.3.rel1.win32_1.1.1.202309131626/tools/bin/../lib/gcc/arm-none-eabi/11.3.1/../../../../arm-none-eabi/lib/thumb/v7-m/nofp\libm.a
END GROUP
START GROUP
LOAD C:/ST/STM32CubeIDE_1.12.0/STM32CubeIDE/plugins/com.st.stm32cube.ide.mcu.externaltools.gnu-tools-for-stm32.11.3.rel1.win32_1.1.1.202309131626/tools/bin/../lib/gcc/arm-none-eabi/11.3.1/thumb/v7-m/nofp\libgcc.a
LOAD C:/ST/STM32CubeIDE_1.12.0/STM32CubeIDE/plugins/com.st.stm32cube.ide.mcu.externaltools.gnu-tools-for-stm32.11.3.rel1.win32_1.1.1.202309131626/tools/bin/../lib/gcc/arm-none-eabi/11.3.1/../../../../arm-none-eabi/lib/thumb/v7-m/nofp\libc_nano.a
END GROUP
START GROUP
LOAD C:/ST/STM32CubeIDE_1.12.0/STM32CubeIDE/plugins/com.st.stm32cube.ide.mcu.externaltools.gnu-tools-for-stm32.11.3.rel1.win32_1.1.1.202309131626/tools/bin/../lib/gcc/arm-none-eabi/11.3.1/thumb/v7-m/nofp\libgcc.a
LOAD C:/ST/STM32CubeIDE_1.12.0/STM32CubeIDE/plugins/com.st.stm32cube.ide.mcu.externaltools.gnu-tools-for-stm32.11.3.rel1.win32_1.1.1.202309131626/tools/bin/../lib/gcc/arm-none-eabi/11.3.1/../../../../arm-none-eabi/lib/thumb/v7-m/nofp\libc_nano.a
LOAD C:/ST/STM32CubeIDE_1.12.0/STM32CubeIDE/plugins/com.st.stm32cube.ide.mcu.externaltools.gnu-tools-for-stm32.11.3.rel1.win32_1.1.1.202309131626/tools/bin/../lib/gcc/arm-none-eabi/11.3.1/../../../../arm-none-eabi/lib/thumb/v7-m/nofp\libnosys.a
END GROUP
START GROUP
LOAD C:/ST/STM32CubeIDE_1.12.0/STM32CubeIDE/plugins/com.st.stm32cube.ide.mcu.externaltools.gnu-tools-for-stm32.11.3.rel1.win32_1.1.1.202309131626/tools/bin/../lib/gcc/arm-none-eabi/11.3.1/thumb/v7-m/nofp\libgcc.a
LOAD C:/ST/STM32CubeIDE_1.12.0/STM32CubeIDE/plugins/com.st.stm32cube.ide.mcu.externaltools.gnu-tools-for-stm32.11.3.rel1.win32_1.1.1.202309131626/tools/bin/../lib/gcc/arm-none-eabi/11.3.1/../../../../arm-none-eabi/lib/thumb/v7-m/nofp\libc_nano.a
LOAD C:/ST/STM32CubeIDE_1.12.0/STM32CubeIDE/plugins/com.st.stm32cube.ide.mcu.externaltools.gnu-tools-for-stm32.11.3.rel1.win32_1.1.1.202309131626/tools/bin/../lib/gcc/arm-none-eabi/11.3.1/../../../../arm-none-eabi/lib/thumb/v7-m/nofp\libnosys.a
END GROUP
LOAD C:/ST/STM32CubeIDE_1.12.0/STM32CubeIDE/plugins/com.st.stm32cube.ide.mcu.externaltools.gnu-tools-for-stm32.11.3.rel1.win32_1.1.1.202309131626/tools/bin/../lib/gcc/arm-none-eabi/11.3.1/thumb/v7-m/nofp/crtend.o
LOAD C:/ST/STM32CubeIDE_1.12.0/STM32CubeIDE/plugins/com.st.stm32cube.ide.mcu.externaltools.gnu-tools-for-stm32.11.3.rel1.win32_1.1.1.202309131626/tools/bin/../lib/gcc/arm-none-eabi/11.3.1/thumb/v7-m/nofp/crtn.o
                0x0000000020005000                _estack = (ORIGIN (RAM) + LENGTH (RAM))
                0x0000000000000200                _Min_Heap_Size = 0x200
                0x0000000000000400                _Min_Stack_Size = 0x400

.isr_vector     0x0000000008000000      0x10c
                0x0000000008000000                . = ALIGN (0x4)
 *(.isr_vector)
 .isr_vector    0x0000000008000000      0x10c ./Core/Startup/startup_stm32f103c8tx.o
                0x0000000008000000                g_pfnVectors
                0x000000000800010c                . = ALIGN (0x4)

.text           0x000000000800010c     0x4448
                0x000000000800010c                . = ALIGN (0x4)
 *(.text)
 .text          0x000000000800010c       0x40 C:/ST/STM32CubeIDE_1.12.0/STM32CubeIDE/plugins/com.st.stm32cube.ide.mcu.externaltools.gnu-tools-for-stm32.11.3.rel1.win32_1.1.1.202309131626/tools/bin/../lib/gcc/arm-none-eabi/11.3.1/thumb/v7-m/nofp/crtbegin.o
 *(.text*)
 .text.map      0x000000000800014c       0x36 ./Core/Src/main.o
                0x000000000800014c                map
 *fill*         0x0000000008000182        0x2 
 .text.handleReceivedData
                0x0000000008000184      0x32c ./Core/Src/main.o
                0x0000000008000184                handleReceivedData
 .text.main     0x00000000080004b0       0x68 ./Core/Src/main.o
                0x00000000080004b0                main
 .text.SystemClock_Config
                0x0000000008000518       0x76 ./Core/Src/main.o
                0x0000000008000518                SystemClock_Config
 *fill*         0x000000000800058e        0x2 
 .text.MX_I2C1_Init
                0x0000000008000590       0x5c ./Core/Src/main.o
 .text.MX_TIM2_Init
                0x00000000080005ec      0x118 ./Core/Src/main.o
 .text.MX_TIM3_Init
                0x0000000008000704       0xec ./Core/Src/main.o
 .text.MX_USART1_UART_Init
                0x00000000080007f0       0x54 ./Core/Src/main.o
 .text.MX_GPIO_Init
                0x0000000008000844       0x44 ./Core/Src/main.o
 .text.HAL_UART_RxCpltCallback
                0x0000000008000888       0x40 ./Core/Src/main.o
                0x0000000008000888                HAL_UART_RxCpltCallback
 .text.Error_Handler
                0x00000000080008c8        0xa ./Core/Src/main.o
                0x00000000080008c8                Error_Handler
 *fill*         0x00000000080008d2        0x2 
 .text.SSD1306_Init
                0x00000000080008d4      0x188 ./Core/Src/ssd1306.o
                0x00000000080008d4                SSD1306_Init
 .text.SSD1306_UpdateScreen
                0x0000000008000a5c       0x5c ./Core/Src/ssd1306.o
                0x0000000008000a5c                SSD1306_UpdateScreen
 .text.SSD1306_Fill
                0x0000000008000ab8       0x30 ./Core/Src/ssd1306.o
                0x0000000008000ab8                SSD1306_Fill
 .text.SSD1306_DrawPixel
                0x0000000008000ae8       0xbc ./Core/Src/ssd1306.o
                0x0000000008000ae8                SSD1306_DrawPixel
 .text.SSD1306_GotoXY
                0x0000000008000ba4       0x2c ./Core/Src/ssd1306.o
                0x0000000008000ba4                SSD1306_GotoXY
 .text.SSD1306_Putc
                0x0000000008000bd0      0x100 ./Core/Src/ssd1306.o
                0x0000000008000bd0                SSD1306_Putc
 .text.SSD1306_Puts
                0x0000000008000cd0       0x4a ./Core/Src/ssd1306.o
                0x0000000008000cd0                SSD1306_Puts
 .text.SSD1306_Clear
                0x0000000008000d1a       0x12 ./Core/Src/ssd1306.o
                0x0000000008000d1a                SSD1306_Clear
 .text.ssd1306_I2C_Init
                0x0000000008000d2c       0x28 ./Core/Src/ssd1306.o
                0x0000000008000d2c                ssd1306_I2C_Init
 .text.ssd1306_I2C_WriteMulti
                0x0000000008000d54       0xcc ./Core/Src/ssd1306.o
                0x0000000008000d54                ssd1306_I2C_WriteMulti
 .text.ssd1306_I2C_Write
                0x0000000008000e20       0x3c ./Core/Src/ssd1306.o
                0x0000000008000e20                ssd1306_I2C_Write
 .text.HAL_MspInit
                0x0000000008000e5c       0x64 ./Core/Src/stm32f1xx_hal_msp.o
                0x0000000008000e5c                HAL_MspInit
 .text.HAL_I2C_MspInit
                0x0000000008000ec0       0x7c ./Core/Src/stm32f1xx_hal_msp.o
                0x0000000008000ec0                HAL_I2C_MspInit
 .text.HAL_TIM_Base_MspInit
                0x0000000008000f3c       0x60 ./Core/Src/stm32f1xx_hal_msp.o
                0x0000000008000f3c                HAL_TIM_Base_MspInit
 .text.HAL_TIM_MspPostInit
                0x0000000008000f9c       0xa0 ./Core/Src/stm32f1xx_hal_msp.o
                0x0000000008000f9c                HAL_TIM_MspPostInit
 .text.HAL_UART_MspInit
                0x000000000800103c       0xa8 ./Core/Src/stm32f1xx_hal_msp.o
                0x000000000800103c                HAL_UART_MspInit
 .text.NMI_Handler
                0x00000000080010e4        0x6 ./Core/Src/stm32f1xx_it.o
                0x00000000080010e4                NMI_Handler
 .text.HardFault_Handler
                0x00000000080010ea        0x6 ./Core/Src/stm32f1xx_it.o
                0x00000000080010ea                HardFault_Handler
 .text.MemManage_Handler
                0x00000000080010f0        0x6 ./Core/Src/stm32f1xx_it.o
                0x00000000080010f0                MemManage_Handler
 .text.BusFault_Handler
                0x00000000080010f6        0x6 ./Core/Src/stm32f1xx_it.o
                0x00000000080010f6                BusFault_Handler
 .text.UsageFault_Handler
                0x00000000080010fc        0x6 ./Core/Src/stm32f1xx_it.o
                0x00000000080010fc                UsageFault_Handler
 .text.SVC_Handler
                0x0000000008001102        0xc ./Core/Src/stm32f1xx_it.o
                0x0000000008001102                SVC_Handler
 .text.DebugMon_Handler
                0x000000000800110e        0xc ./Core/Src/stm32f1xx_it.o
                0x000000000800110e                DebugMon_Handler
 .text.PendSV_Handler
                0x000000000800111a        0xc ./Core/Src/stm32f1xx_it.o
                0x000000000800111a                PendSV_Handler
 .text.SysTick_Handler
                0x0000000008001126        0xc ./Core/Src/stm32f1xx_it.o
                0x0000000008001126                SysTick_Handler
 *fill*         0x0000000008001132        0x2 
 .text.USART1_IRQHandler
                0x0000000008001134       0x14 ./Core/Src/stm32f1xx_it.o
                0x0000000008001134                USART1_IRQHandler
 .text.SystemInit
                0x0000000008001148        0xc ./Core/Src/system_stm32f1xx.o
                0x0000000008001148                SystemInit
 .text.Reset_Handler
                0x0000000008001154       0x48 ./Core/Startup/startup_stm32f103c8tx.o
                0x0000000008001154                Reset_Handler
 .text.Default_Handler
                0x000000000800119c        0x2 ./Core/Startup/startup_stm32f103c8tx.o
                0x000000000800119c                RTC_Alarm_IRQHandler
                0x000000000800119c                EXTI2_IRQHandler
                0x000000000800119c                TIM1_CC_IRQHandler
                0x000000000800119c                PVD_IRQHandler
                0x000000000800119c                EXTI3_IRQHandler
                0x000000000800119c                EXTI0_IRQHandler
                0x000000000800119c                I2C2_EV_IRQHandler
                0x000000000800119c                ADC1_2_IRQHandler
                0x000000000800119c                SPI1_IRQHandler
                0x000000000800119c                TAMPER_IRQHandler
                0x000000000800119c                DMA1_Channel4_IRQHandler
                0x000000000800119c                USART3_IRQHandler
                0x000000000800119c                RTC_IRQHandler
                0x000000000800119c                DMA1_Channel7_IRQHandler
                0x000000000800119c                CAN1_RX1_IRQHandler
                0x000000000800119c                TIM4_IRQHandler
                0x000000000800119c                I2C1_EV_IRQHandler
                0x000000000800119c                DMA1_Channel6_IRQHandler
                0x000000000800119c                TIM3_IRQHandler
                0x000000000800119c                RCC_IRQHandler
                0x000000000800119c                TIM1_TRG_COM_IRQHandler
                0x000000000800119c                DMA1_Channel1_IRQHandler
                0x000000000800119c                Default_Handler
                0x000000000800119c                EXTI15_10_IRQHandler
                0x000000000800119c                EXTI9_5_IRQHandler
                0x000000000800119c                SPI2_IRQHandler
                0x000000000800119c                DMA1_Channel5_IRQHandler
                0x000000000800119c                EXTI4_IRQHandler
                0x000000000800119c                USB_LP_CAN1_RX0_IRQHandler
                0x000000000800119c                USB_HP_CAN1_TX_IRQHandler
                0x000000000800119c                DMA1_Channel3_IRQHandler
                0x000000000800119c                TIM1_UP_IRQHandler
                0x000000000800119c                WWDG_IRQHandler
                0x000000000800119c                TIM2_IRQHandler
                0x000000000800119c                TIM1_BRK_IRQHandler
                0x000000000800119c                EXTI1_IRQHandler
                0x000000000800119c                USART2_IRQHandler
                0x000000000800119c                I2C2_ER_IRQHandler
                0x000000000800119c                DMA1_Channel2_IRQHandler
                0x000000000800119c                CAN1_SCE_IRQHandler
                0x000000000800119c                FLASH_IRQHandler
                0x000000000800119c                I2C1_ER_IRQHandler
                0x000000000800119c                USBWakeUp_IRQHandler
 *fill*         0x000000000800119e        0x2 
 .text.HAL_Init
                0x00000000080011a0       0x2c ./Drivers/STM32F1xx_HAL_Driver/Src/stm32f1xx_hal.o
                0x00000000080011a0                HAL_Init
 .text.HAL_InitTick
                0x00000000080011cc       0x60 ./Drivers/STM32F1xx_HAL_Driver/Src/stm32f1xx_hal.o
                0x00000000080011cc                HAL_InitTick
 .text.HAL_IncTick
                0x000000000800122c       0x24 ./Drivers/STM32F1xx_HAL_Driver/Src/stm32f1xx_hal.o
                0x000000000800122c                HAL_IncTick
 .text.HAL_GetTick
                0x0000000008001250       0x14 ./Drivers/STM32F1xx_HAL_Driver/Src/stm32f1xx_hal.o
                0x0000000008001250                HAL_GetTick
 .text.HAL_Delay
                0x0000000008001264       0x48 ./Drivers/STM32F1xx_HAL_Driver/Src/stm32f1xx_hal.o
                0x0000000008001264                HAL_Delay
 .text.__NVIC_SetPriorityGrouping
                0x00000000080012ac       0x48 ./Drivers/STM32F1xx_HAL_Driver/Src/stm32f1xx_hal_cortex.o
 .text.__NVIC_GetPriorityGrouping
                0x00000000080012f4       0x1c ./Drivers/STM32F1xx_HAL_Driver/Src/stm32f1xx_hal_cortex.o
 .text.__NVIC_EnableIRQ
                0x0000000008001310       0x38 ./Drivers/STM32F1xx_HAL_Driver/Src/stm32f1xx_hal_cortex.o
 .text.__NVIC_SetPriority
                0x0000000008001348       0x54 ./Drivers/STM32F1xx_HAL_Driver/Src/stm32f1xx_hal_cortex.o
 .text.NVIC_EncodePriority
                0x000000000800139c       0x64 ./Drivers/STM32F1xx_HAL_Driver/Src/stm32f1xx_hal_cortex.o
 .text.SysTick_Config
                0x0000000008001400       0x44 ./Drivers/STM32F1xx_HAL_Driver/Src/stm32f1xx_hal_cortex.o
 .text.HAL_NVIC_SetPriorityGrouping
                0x0000000008001444       0x16 ./Drivers/STM32F1xx_HAL_Driver/Src/stm32f1xx_hal_cortex.o
                0x0000000008001444                HAL_NVIC_SetPriorityGrouping
 .text.HAL_NVIC_SetPriority
                0x000000000800145a       0x38 ./Drivers/STM32F1xx_HAL_Driver/Src/stm32f1xx_hal_cortex.o
                0x000000000800145a                HAL_NVIC_SetPriority
 .text.HAL_NVIC_EnableIRQ
                0x0000000008001492       0x1c ./Drivers/STM32F1xx_HAL_Driver/Src/stm32f1xx_hal_cortex.o
                0x0000000008001492                HAL_NVIC_EnableIRQ
 .text.HAL_SYSTICK_Config
                0x00000000080014ae       0x18 ./Drivers/STM32F1xx_HAL_Driver/Src/stm32f1xx_hal_cortex.o
                0x00000000080014ae                HAL_SYSTICK_Config
 .text.HAL_DMA_Abort
                0x00000000080014c6       0x76 ./Drivers/STM32F1xx_HAL_Driver/Src/stm32f1xx_hal_dma.o
                0x00000000080014c6                HAL_DMA_Abort
 .text.HAL_DMA_Abort_IT
                0x000000000800153c       0xf0 ./Drivers/STM32F1xx_HAL_Driver/Src/stm32f1xx_hal_dma.o
                0x000000000800153c                HAL_DMA_Abort_IT
 .text.HAL_GPIO_Init
                0x000000000800162c      0x308 ./Drivers/STM32F1xx_HAL_Driver/Src/stm32f1xx_hal_gpio.o
                0x000000000800162c                HAL_GPIO_Init
 .text.HAL_I2C_Init
                0x0000000008001934      0x288 ./Drivers/STM32F1xx_HAL_Driver/Src/stm32f1xx_hal_i2c.o
                0x0000000008001934                HAL_I2C_Init
 .text.HAL_I2C_Master_Transmit
                0x0000000008001bbc      0x1fc ./Drivers/STM32F1xx_HAL_Driver/Src/stm32f1xx_hal_i2c.o
                0x0000000008001bbc                HAL_I2C_Master_Transmit
 .text.HAL_I2C_IsDeviceReady
                0x0000000008001db8      0x25c ./Drivers/STM32F1xx_HAL_Driver/Src/stm32f1xx_hal_i2c.o
                0x0000000008001db8                HAL_I2C_IsDeviceReady
 .text.I2C_MasterRequestWrite
                0x0000000008002014      0x104 ./Drivers/STM32F1xx_HAL_Driver/Src/stm32f1xx_hal_i2c.o
 .text.I2C_WaitOnFlagUntilTimeout
                0x0000000008002118       0xf4 ./Drivers/STM32F1xx_HAL_Driver/Src/stm32f1xx_hal_i2c.o
 .text.I2C_WaitOnMasterAddressFlagUntilTimeout
                0x000000000800220c      0x140 ./Drivers/STM32F1xx_HAL_Driver/Src/stm32f1xx_hal_i2c.o
 .text.I2C_WaitOnTXEFlagUntilTimeout
                0x000000000800234c       0x90 ./Drivers/STM32F1xx_HAL_Driver/Src/stm32f1xx_hal_i2c.o
 .text.I2C_WaitOnBTFFlagUntilTimeout
                0x00000000080023dc       0x90 ./Drivers/STM32F1xx_HAL_Driver/Src/stm32f1xx_hal_i2c.o
 .text.I2C_IsAcknowledgeFailed
                0x000000000800246c       0x5c ./Drivers/STM32F1xx_HAL_Driver/Src/stm32f1xx_hal_i2c.o
 .text.HAL_RCC_OscConfig
                0x00000000080024c8      0x504 ./Drivers/STM32F1xx_HAL_Driver/Src/stm32f1xx_hal_rcc.o
                0x00000000080024c8                HAL_RCC_OscConfig
 .text.HAL_RCC_ClockConfig
                0x00000000080029cc      0x1d4 ./Drivers/STM32F1xx_HAL_Driver/Src/stm32f1xx_hal_rcc.o
                0x00000000080029cc                HAL_RCC_ClockConfig
 .text.HAL_RCC_GetSysClockFreq
                0x0000000008002ba0       0xa8 ./Drivers/STM32F1xx_HAL_Driver/Src/stm32f1xx_hal_rcc.o
                0x0000000008002ba0                HAL_RCC_GetSysClockFreq
 .text.HAL_RCC_GetHCLKFreq
                0x0000000008002c48       0x14 ./Drivers/STM32F1xx_HAL_Driver/Src/stm32f1xx_hal_rcc.o
                0x0000000008002c48                HAL_RCC_GetHCLKFreq
 .text.HAL_RCC_GetPCLK1Freq
                0x0000000008002c5c       0x28 ./Drivers/STM32F1xx_HAL_Driver/Src/stm32f1xx_hal_rcc.o
                0x0000000008002c5c                HAL_RCC_GetPCLK1Freq
 .text.HAL_RCC_GetPCLK2Freq
                0x0000000008002c84       0x28 ./Drivers/STM32F1xx_HAL_Driver/Src/stm32f1xx_hal_rcc.o
                0x0000000008002c84                HAL_RCC_GetPCLK2Freq
 .text.RCC_Delay
                0x0000000008002cac       0x3c ./Drivers/STM32F1xx_HAL_Driver/Src/stm32f1xx_hal_rcc.o
 .text.HAL_TIM_Base_Init
                0x0000000008002ce8       0x9e ./Drivers/STM32F1xx_HAL_Driver/Src/stm32f1xx_hal_tim.o
                0x0000000008002ce8                HAL_TIM_Base_Init
 .text.HAL_TIM_PWM_Init
                0x0000000008002d86       0x9e ./Drivers/STM32F1xx_HAL_Driver/Src/stm32f1xx_hal_tim.o
                0x0000000008002d86                HAL_TIM_PWM_Init
 .text.HAL_TIM_PWM_MspInit
                0x0000000008002e24       0x12 ./Drivers/STM32F1xx_HAL_Driver/Src/stm32f1xx_hal_tim.o
                0x0000000008002e24                HAL_TIM_PWM_MspInit
 *fill*         0x0000000008002e36        0x2 
 .text.HAL_TIM_PWM_Start
                0x0000000008002e38      0x144 ./Drivers/STM32F1xx_HAL_Driver/Src/stm32f1xx_hal_tim.o
                0x0000000008002e38                HAL_TIM_PWM_Start
 .text.HAL_TIM_PWM_ConfigChannel
                0x0000000008002f7c      0x184 ./Drivers/STM32F1xx_HAL_Driver/Src/stm32f1xx_hal_tim.o
                0x0000000008002f7c                HAL_TIM_PWM_ConfigChannel
 .text.HAL_TIM_ConfigClockSource
                0x0000000008003100      0x18e ./Drivers/STM32F1xx_HAL_Driver/Src/stm32f1xx_hal_tim.o
                0x0000000008003100                HAL_TIM_ConfigClockSource
 *fill*         0x000000000800328e        0x2 
 .text.TIM_Base_SetConfig
                0x0000000008003290       0xc4 ./Drivers/STM32F1xx_HAL_Driver/Src/stm32f1xx_hal_tim.o
                0x0000000008003290                TIM_Base_SetConfig
 .text.TIM_OC1_SetConfig
                0x0000000008003354       0xcc ./Drivers/STM32F1xx_HAL_Driver/Src/stm32f1xx_hal_tim.o
 .text.TIM_OC2_SetConfig
                0x0000000008003420       0xd4 ./Drivers/STM32F1xx_HAL_Driver/Src/stm32f1xx_hal_tim.o
                0x0000000008003420                TIM_OC2_SetConfig
 .text.TIM_OC3_SetConfig
                0x00000000080034f4       0xd4 ./Drivers/STM32F1xx_HAL_Driver/Src/stm32f1xx_hal_tim.o
 .text.TIM_OC4_SetConfig
                0x00000000080035c8       0x9c ./Drivers/STM32F1xx_HAL_Driver/Src/stm32f1xx_hal_tim.o
 .text.TIM_TI1_ConfigInputStage
                0x0000000008003664       0x5c ./Drivers/STM32F1xx_HAL_Driver/Src/stm32f1xx_hal_tim.o
 .text.TIM_TI2_ConfigInputStage
                0x00000000080036c0       0x5e ./Drivers/STM32F1xx_HAL_Driver/Src/stm32f1xx_hal_tim.o
 .text.TIM_ITRx_SetConfig
                0x000000000800371e       0x34 ./Drivers/STM32F1xx_HAL_Driver/Src/stm32f1xx_hal_tim.o
 .text.TIM_ETR_SetConfig
                0x0000000008003752       0x3e ./Drivers/STM32F1xx_HAL_Driver/Src/stm32f1xx_hal_tim.o
                0x0000000008003752                TIM_ETR_SetConfig
 .text.TIM_CCxChannelCmd
                0x0000000008003790       0x48 ./Drivers/STM32F1xx_HAL_Driver/Src/stm32f1xx_hal_tim.o
                0x0000000008003790                TIM_CCxChannelCmd
 .text.HAL_TIMEx_MasterConfigSynchronization
                0x00000000080037d8       0xbc ./Drivers/STM32F1xx_HAL_Driver/Src/stm32f1xx_hal_tim_ex.o
                0x00000000080037d8                HAL_TIMEx_MasterConfigSynchronization
 .text.HAL_UART_Init
                0x0000000008003894       0xa0 ./Drivers/STM32F1xx_HAL_Driver/Src/stm32f1xx_hal_uart.o
                0x0000000008003894                HAL_UART_Init
 .text.HAL_UART_Receive_IT
                0x0000000008003934       0x4a ./Drivers/STM32F1xx_HAL_Driver/Src/stm32f1xx_hal_uart.o
                0x0000000008003934                HAL_UART_Receive_IT
 *fill*         0x000000000800397e        0x2 
 .text.HAL_UART_IRQHandler
                0x0000000008003980      0x524 ./Drivers/STM32F1xx_HAL_Driver/Src/stm32f1xx_hal_uart.o
                0x0000000008003980                HAL_UART_IRQHandler
 .text.HAL_UART_TxCpltCallback
                0x0000000008003ea4       0x12 ./Drivers/STM32F1xx_HAL_Driver/Src/stm32f1xx_hal_uart.o
                0x0000000008003ea4                HAL_UART_TxCpltCallback
 .text.HAL_UART_ErrorCallback
                0x0000000008003eb6       0x12 ./Drivers/STM32F1xx_HAL_Driver/Src/stm32f1xx_hal_uart.o
                0x0000000008003eb6                HAL_UART_ErrorCallback
 .text.HAL_UARTEx_RxEventCallback
                0x0000000008003ec8       0x16 ./Drivers/STM32F1xx_HAL_Driver/Src/stm32f1xx_hal_uart.o
                0x0000000008003ec8                HAL_UARTEx_RxEventCallback
 .text.UART_Start_Receive_IT
                0x0000000008003ede       0x72 ./Drivers/STM32F1xx_HAL_Driver/Src/stm32f1xx_hal_uart.o
                0x0000000008003ede                UART_Start_Receive_IT
 .text.UART_EndRxTransfer
                0x0000000008003f50       0xc4 ./Drivers/STM32F1xx_HAL_Driver/Src/stm32f1xx_hal_uart.o
 .text.UART_DMAAbortOnError
                0x0000000008004014       0x28 ./Drivers/STM32F1xx_HAL_Driver/Src/stm32f1xx_hal_uart.o
 .text.UART_Transmit_IT
                0x000000000800403c       0x9e ./Drivers/STM32F1xx_HAL_Driver/Src/stm32f1xx_hal_uart.o
 .text.UART_EndTransmit_IT
                0x00000000080040da       0x30 ./Drivers/STM32F1xx_HAL_Driver/Src/stm32f1xx_hal_uart.o
 .text.UART_Receive_IT
                0x000000000800410a      0x17c ./Drivers/STM32F1xx_HAL_Driver/Src/stm32f1xx_hal_uart.o
 *fill*         0x0000000008004286        0x2 
 .text.UART_SetConfig
                0x0000000008004288      0x11c ./Drivers/STM32F1xx_HAL_Driver/Src/stm32f1xx_hal_uart.o
 .text.atoi     0x00000000080043a4        0x8 C:/ST/STM32CubeIDE_1.12.0/STM32CubeIDE/plugins/com.st.stm32cube.ide.mcu.externaltools.gnu-tools-for-stm32.11.3.rel1.win32_1.1.1.202309131626/tools/bin/../lib/gcc/arm-none-eabi/11.3.1/../../../../arm-none-eabi/lib/thumb/v7-m/nofp\libc_nano.a(libc_a-atoi.o)
                0x00000000080043a4                atoi
 .text._strtol_l.constprop.0
                0x00000000080043ac       0xfc C:/ST/STM32CubeIDE_1.12.0/STM32CubeIDE/plugins/com.st.stm32cube.ide.mcu.externaltools.gnu-tools-for-stm32.11.3.rel1.win32_1.1.1.202309131626/tools/bin/../lib/gcc/arm-none-eabi/11.3.1/../../../../arm-none-eabi/lib/thumb/v7-m/nofp\libc_nano.a(libc_a-strtol.o)
 .text.strtol   0x00000000080044a8       0x14 C:/ST/STM32CubeIDE_1.12.0/STM32CubeIDE/plugins/com.st.stm32cube.ide.mcu.externaltools.gnu-tools-for-stm32.11.3.rel1.win32_1.1.1.202309131626/tools/bin/../lib/gcc/arm-none-eabi/11.3.1/../../../../arm-none-eabi/lib/thumb/v7-m/nofp\libc_nano.a(libc_a-strtol.o)
                0x00000000080044a8                strtol
 .text.memset   0x00000000080044bc       0x10 C:/ST/STM32CubeIDE_1.12.0/STM32CubeIDE/plugins/com.st.stm32cube.ide.mcu.externaltools.gnu-tools-for-stm32.11.3.rel1.win32_1.1.1.202309131626/tools/bin/../lib/gcc/arm-none-eabi/11.3.1/../../../../arm-none-eabi/lib/thumb/v7-m/nofp\libc_nano.a(libc_a-memset.o)
                0x00000000080044bc                memset
 .text.__errno  0x00000000080044cc        0xc C:/ST/STM32CubeIDE_1.12.0/STM32CubeIDE/plugins/com.st.stm32cube.ide.mcu.externaltools.gnu-tools-for-stm32.11.3.rel1.win32_1.1.1.202309131626/tools/bin/../lib/gcc/arm-none-eabi/11.3.1/../../../../arm-none-eabi/lib/thumb/v7-m/nofp\libc_nano.a(libc_a-errno.o)
                0x00000000080044cc                __errno
 .text.__libc_init_array
                0x00000000080044d8       0x48 C:/ST/STM32CubeIDE_1.12.0/STM32CubeIDE/plugins/com.st.stm32cube.ide.mcu.externaltools.gnu-tools-for-stm32.11.3.rel1.win32_1.1.1.202309131626/tools/bin/../lib/gcc/arm-none-eabi/11.3.1/../../../../arm-none-eabi/lib/thumb/v7-m/nofp\libc_nano.a(libc_a-init.o)
                0x00000000080044d8                __libc_init_array
 .text.memcpy   0x0000000008004520       0x1c C:/ST/STM32CubeIDE_1.12.0/STM32CubeIDE/plugins/com.st.stm32cube.ide.mcu.externaltools.gnu-tools-for-stm32.11.3.rel1.win32_1.1.1.202309131626/tools/bin/../lib/gcc/arm-none-eabi/11.3.1/../../../../arm-none-eabi/lib/thumb/v7-m/nofp\libc_nano.a(libc_a-memcpy-stub.o)
                0x0000000008004520                memcpy
 *(.glue_7)
 .glue_7        0x000000000800453c        0x0 linker stubs
 *(.glue_7t)
 .glue_7t       0x000000000800453c        0x0 linker stubs
 *(.eh_frame)
 .eh_frame      0x000000000800453c        0x0 C:/ST/STM32CubeIDE_1.12.0/STM32CubeIDE/plugins/com.st.stm32cube.ide.mcu.externaltools.gnu-tools-for-stm32.11.3.rel1.win32_1.1.1.202309131626/tools/bin/../lib/gcc/arm-none-eabi/11.3.1/thumb/v7-m/nofp/crtbegin.o
 *(.init)
 .init          0x000000000800453c        0x4 C:/ST/STM32CubeIDE_1.12.0/STM32CubeIDE/plugins/com.st.stm32cube.ide.mcu.externaltools.gnu-tools-for-stm32.11.3.rel1.win32_1.1.1.202309131626/tools/bin/../lib/gcc/arm-none-eabi/11.3.1/thumb/v7-m/nofp/crti.o
                0x000000000800453c                _init
 .init          0x0000000008004540        0x8 C:/ST/STM32CubeIDE_1.12.0/STM32CubeIDE/plugins/com.st.stm32cube.ide.mcu.externaltools.gnu-tools-for-stm32.11.3.rel1.win32_1.1.1.202309131626/tools/bin/../lib/gcc/arm-none-eabi/11.3.1/thumb/v7-m/nofp/crtn.o
 *(.fini)
 .fini          0x0000000008004548        0x4 C:/ST/STM32CubeIDE_1.12.0/STM32CubeIDE/plugins/com.st.stm32cube.ide.mcu.externaltools.gnu-tools-for-stm32.11.3.rel1.win32_1.1.1.202309131626/tools/bin/../lib/gcc/arm-none-eabi/11.3.1/thumb/v7-m/nofp/crti.o
                0x0000000008004548                _fini
 .fini          0x000000000800454c        0x8 C:/ST/STM32CubeIDE_1.12.0/STM32CubeIDE/plugins/com.st.stm32cube.ide.mcu.externaltools.gnu-tools-for-stm32.11.3.rel1.win32_1.1.1.202309131626/tools/bin/../lib/gcc/arm-none-eabi/11.3.1/thumb/v7-m/nofp/crtn.o
                0x0000000008004554                . = ALIGN (0x4)
                0x0000000008004554                _etext = .

.vfp11_veneer   0x0000000008004554        0x0
 .vfp11_veneer  0x0000000008004554        0x0 linker stubs

.v4_bx          0x0000000008004554        0x0
 .v4_bx         0x0000000008004554        0x0 linker stubs

.iplt           0x0000000008004554        0x0
 .iplt          0x0000000008004554        0x0 C:/ST/STM32CubeIDE_1.12.0/STM32CubeIDE/plugins/com.st.stm32cube.ide.mcu.externaltools.gnu-tools-for-stm32.11.3.rel1.win32_1.1.1.202309131626/tools/bin/../lib/gcc/arm-none-eabi/11.3.1/thumb/v7-m/nofp/crtbegin.o

.rodata         0x0000000008004554      0xebc
                0x0000000008004554                . = ALIGN (0x4)
 *(.rodata)
 .rodata        0x0000000008004554       0x33 ./Core/Src/main.o
 *(.rodata*)
 *fill*         0x0000000008004587        0x1 
 .rodata.Font11x18
                0x0000000008004588      0xd5c ./Core/Src/fonts.o
                0x0000000008004588                Font11x18
 .rodata.AHBPrescTable
                0x00000000080052e4       0x10 ./Core/Src/system_stm32f1xx.o
                0x00000000080052e4                AHBPrescTable
 .rodata.APBPrescTable
                0x00000000080052f4        0x8 ./Core/Src/system_stm32f1xx.o
                0x00000000080052f4                APBPrescTable
 .rodata.aPLLMULFactorTable.1
                0x00000000080052fc       0x10 ./Drivers/STM32F1xx_HAL_Driver/Src/stm32f1xx_hal_rcc.o
 .rodata.aPredivFactorTable.0
                0x000000000800530c        0x2 ./Drivers/STM32F1xx_HAL_Driver/Src/stm32f1xx_hal_rcc.o
 .rodata._ctype_
                0x000000000800530e      0x101 C:/ST/STM32CubeIDE_1.12.0/STM32CubeIDE/plugins/com.st.stm32cube.ide.mcu.externaltools.gnu-tools-for-stm32.11.3.rel1.win32_1.1.1.202309131626/tools/bin/../lib/gcc/arm-none-eabi/11.3.1/../../../../arm-none-eabi/lib/thumb/v7-m/nofp\libc_nano.a(libc_a-ctype_.o)
                0x000000000800530e                _ctype_
                0x0000000008005410                . = ALIGN (0x4)
 *fill*         0x000000000800540f        0x1 

.rel.dyn        0x0000000008005410        0x0
 .rel.iplt      0x0000000008005410        0x0 C:/ST/STM32CubeIDE_1.12.0/STM32CubeIDE/plugins/com.st.stm32cube.ide.mcu.externaltools.gnu-tools-for-stm32.11.3.rel1.win32_1.1.1.202309131626/tools/bin/../lib/gcc/arm-none-eabi/11.3.1/thumb/v7-m/nofp/crtbegin.o

.ARM.extab      0x0000000008005410        0x0
                0x0000000008005410                . = ALIGN (0x4)
 *(.ARM.extab* .gnu.linkonce.armextab.*)
                0x0000000008005410                . = ALIGN (0x4)

.ARM            0x0000000008005410        0x0
                0x0000000008005410                . = ALIGN (0x4)
                0x0000000008005410                __exidx_start = .
 *(.ARM.exidx*)
                0x0000000008005410                __exidx_end = .
                0x0000000008005410                . = ALIGN (0x4)

.preinit_array  0x0000000008005410        0x0
                0x0000000008005410                . = ALIGN (0x4)
                0x0000000008005410                PROVIDE (__preinit_array_start = .)
 *(.preinit_array*)
                0x0000000008005410                PROVIDE (__preinit_array_end = .)
                0x0000000008005410                . = ALIGN (0x4)

.init_array     0x0000000008005410        0x4
                0x0000000008005410                . = ALIGN (0x4)
                0x0000000008005410                PROVIDE (__init_array_start = .)
 *(SORT_BY_NAME(.init_array.*))
 *(.init_array*)
 .init_array    0x0000000008005410        0x4 C:/ST/STM32CubeIDE_1.12.0/STM32CubeIDE/plugins/com.st.stm32cube.ide.mcu.externaltools.gnu-tools-for-stm32.11.3.rel1.win32_1.1.1.202309131626/tools/bin/../lib/gcc/arm-none-eabi/11.3.1/thumb/v7-m/nofp/crtbegin.o
                0x0000000008005414                PROVIDE (__init_array_end = .)
                0x0000000008005414                . = ALIGN (0x4)

.fini_array     0x0000000008005414        0x4
                0x0000000008005414                . = ALIGN (0x4)
                [!provide]                        PROVIDE (__fini_array_start = .)
 *(SORT_BY_NAME(.fini_array.*))
 *(.fini_array*)
 .fini_array    0x0000000008005414        0x4 C:/ST/STM32CubeIDE_1.12.0/STM32CubeIDE/plugins/com.st.stm32cube.ide.mcu.externaltools.gnu-tools-for-stm32.11.3.rel1.win32_1.1.1.202309131626/tools/bin/../lib/gcc/arm-none-eabi/11.3.1/thumb/v7-m/nofp/crtbegin.o
                [!provide]                        PROVIDE (__fini_array_end = .)
                0x0000000008005418                . = ALIGN (0x4)
                0x0000000008005418                _sidata = LOADADDR (.data)

.data           0x0000000020000000       0x64 load address 0x0000000008005418
                0x0000000020000000                . = ALIGN (0x4)
                0x0000000020000000                _sdata = .
 *(.data)
 *(.data*)
 .data.Font_11x18
                0x0000000020000000        0x8 ./Core/Src/fonts.o
                0x0000000020000000                Font_11x18
 .data.SystemCoreClock
                0x0000000020000008        0x4 ./Core/Src/system_stm32f1xx.o
                0x0000000020000008                SystemCoreClock
 .data.uwTickPrio
                0x000000002000000c        0x4 ./Drivers/STM32F1xx_HAL_Driver/Src/stm32f1xx_hal.o
                0x000000002000000c                uwTickPrio
 .data.uwTickFreq
                0x0000000020000010        0x1 ./Drivers/STM32F1xx_HAL_Driver/Src/stm32f1xx_hal.o
                0x0000000020000010                uwTickFreq
 *fill*         0x0000000020000011        0x3 
 .data._impure_data
                0x0000000020000014       0x4c C:/ST/STM32CubeIDE_1.12.0/STM32CubeIDE/plugins/com.st.stm32cube.ide.mcu.externaltools.gnu-tools-for-stm32.11.3.rel1.win32_1.1.1.202309131626/tools/bin/../lib/gcc/arm-none-eabi/11.3.1/../../../../arm-none-eabi/lib/thumb/v7-m/nofp\libc_nano.a(libc_a-impure.o)
                0x0000000020000014                _impure_data
 .data._impure_ptr
                0x0000000020000060        0x4 C:/ST/STM32CubeIDE_1.12.0/STM32CubeIDE/plugins/com.st.stm32cube.ide.mcu.externaltools.gnu-tools-for-stm32.11.3.rel1.win32_1.1.1.202309131626/tools/bin/../lib/gcc/arm-none-eabi/11.3.1/../../../../arm-none-eabi/lib/thumb/v7-m/nofp\libc_nano.a(libc_a-impure.o)
                0x0000000020000060                _impure_ptr
 *(.RamFunc)
 *(.RamFunc*)
                0x0000000020000064                . = ALIGN (0x4)
                0x0000000020000064                _edata = .

.igot.plt       0x0000000020000064        0x0 load address 0x000000000800547c
 .igot.plt      0x0000000020000064        0x0 C:/ST/STM32CubeIDE_1.12.0/STM32CubeIDE/plugins/com.st.stm32cube.ide.mcu.externaltools.gnu-tools-for-stm32.11.3.rel1.win32_1.1.1.202309131626/tools/bin/../lib/gcc/arm-none-eabi/11.3.1/thumb/v7-m/nofp/crtbegin.o
                0x0000000020000064                . = ALIGN (0x4)

.bss            0x0000000020000064      0x6a4 load address 0x000000000800547c
                0x0000000020000064                _sbss = .
                0x0000000020000064                __bss_start__ = _sbss
 *(.bss)
 .bss           0x0000000020000064       0x1c C:/ST/STM32CubeIDE_1.12.0/STM32CubeIDE/plugins/com.st.stm32cube.ide.mcu.externaltools.gnu-tools-for-stm32.11.3.rel1.win32_1.1.1.202309131626/tools/bin/../lib/gcc/arm-none-eabi/11.3.1/thumb/v7-m/nofp/crtbegin.o
 *(.bss*)
 .bss.rx_data   0x0000000020000080        0x8 ./Core/Src/main.o
                0x0000000020000080                rx_data
 .bss.buffer    0x0000000020000088        0x8 ./Core/Src/main.o
                0x0000000020000088                buffer
 .bss.pwm       0x0000000020000090        0x4 ./Core/Src/main.o
                0x0000000020000090                pwm
 .bss.grip      0x0000000020000094        0x4 ./Core/Src/main.o
                0x0000000020000094                grip
 .bss.hi2c1     0x0000000020000098       0x54 ./Core/Src/main.o
                0x0000000020000098                hi2c1
 .bss.htim2     0x00000000200000ec       0x48 ./Core/Src/main.o
                0x00000000200000ec                htim2
 .bss.htim3     0x0000000020000134       0x48 ./Core/Src/main.o
                0x0000000020000134                htim3
 .bss.huart1    0x000000002000017c       0x48 ./Core/Src/main.o
                0x000000002000017c                huart1
 .bss.SSD1306_Buffer
                0x00000000200001c4      0x400 ./Core/Src/ssd1306.o
 .bss.SSD1306   0x00000000200005c4        0x6 ./Core/Src/ssd1306.o
 *fill*         0x00000000200005ca        0x2 
 .bss.uwTick    0x00000000200005cc        0x4 ./Drivers/STM32F1xx_HAL_Driver/Src/stm32f1xx_hal.o
                0x00000000200005cc                uwTick
 .bss.__sf      0x00000000200005d0      0x138 C:/ST/STM32CubeIDE_1.12.0/STM32CubeIDE/plugins/com.st.stm32cube.ide.mcu.externaltools.gnu-tools-for-stm32.11.3.rel1.win32_1.1.1.202309131626/tools/bin/../lib/gcc/arm-none-eabi/11.3.1/../../../../arm-none-eabi/lib/thumb/v7-m/nofp\libc_nano.a(libc_a-findfp.o)
                0x00000000200005d0                __sf
 *(COMMON)
                0x0000000020000708                . = ALIGN (0x4)
                0x0000000020000708                _ebss = .
                0x0000000020000708                __bss_end__ = _ebss

._user_heap_stack
                0x0000000020000708      0x600 load address 0x000000000800547c
                0x0000000020000708                . = ALIGN (0x8)
                [!provide]                        PROVIDE (end = .)
                0x0000000020000708                PROVIDE (_end = .)
                0x0000000020000908                . = (. + _Min_Heap_Size)
 *fill*         0x0000000020000708      0x200 
                0x0000000020000d08                . = (. + _Min_Stack_Size)
 *fill*         0x0000000020000908      0x400 
                0x0000000020000d08                . = ALIGN (0x8)

/DISCARD/
 libc.a(*)
 libm.a(*)
 libgcc.a(*)

.ARM.attributes
                0x0000000000000000       0x29
 *(.ARM.attributes)
 .ARM.attributes
                0x0000000000000000       0x1d C:/ST/STM32CubeIDE_1.12.0/STM32CubeIDE/plugins/com.st.stm32cube.ide.mcu.externaltools.gnu-tools-for-stm32.11.3.rel1.win32_1.1.1.202309131626/tools/bin/../lib/gcc/arm-none-eabi/11.3.1/thumb/v7-m/nofp/crti.o
 .ARM.attributes
                0x000000000000001d       0x2d C:/ST/STM32CubeIDE_1.12.0/STM32CubeIDE/plugins/com.st.stm32cube.ide.mcu.externaltools.gnu-tools-for-stm32.11.3.rel1.win32_1.1.1.202309131626/tools/bin/../lib/gcc/arm-none-eabi/11.3.1/thumb/v7-m/nofp/crtbegin.o
 .ARM.attributes
                0x000000000000004a       0x2d ./Core/Src/fonts.o
 .ARM.attributes
                0x0000000000000077       0x2d ./Core/Src/main.o
 .ARM.attributes
                0x00000000000000a4       0x2d ./Core/Src/ssd1306.o
 .ARM.attributes
                0x00000000000000d1       0x2d ./Core/Src/stm32f1xx_hal_msp.o
 .ARM.attributes
                0x00000000000000fe       0x2d ./Core/Src/stm32f1xx_it.o
 .ARM.attributes
                0x000000000000012b       0x2d ./Core/Src/system_stm32f1xx.o
 .ARM.attributes
                0x0000000000000158       0x21 ./Core/Startup/startup_stm32f103c8tx.o
 .ARM.attributes
                0x0000000000000179       0x2d ./Drivers/STM32F1xx_HAL_Driver/Src/stm32f1xx_hal.o
 .ARM.attributes
                0x00000000000001a6       0x2d ./Drivers/STM32F1xx_HAL_Driver/Src/stm32f1xx_hal_cortex.o
 .ARM.attributes
                0x00000000000001d3       0x2d ./Drivers/STM32F1xx_HAL_Driver/Src/stm32f1xx_hal_dma.o
 .ARM.attributes
                0x0000000000000200       0x2d ./Drivers/STM32F1xx_HAL_Driver/Src/stm32f1xx_hal_gpio.o
 .ARM.attributes
                0x000000000000022d       0x2d ./Drivers/STM32F1xx_HAL_Driver/Src/stm32f1xx_hal_i2c.o
 .ARM.attributes
                0x000000000000025a       0x2d ./Drivers/STM32F1xx_HAL_Driver/Src/stm32f1xx_hal_rcc.o
 .ARM.attributes
                0x0000000000000287       0x2d ./Drivers/STM32F1xx_HAL_Driver/Src/stm32f1xx_hal_tim.o
 .ARM.attributes
                0x00000000000002b4       0x2d ./Drivers/STM32F1xx_HAL_Driver/Src/stm32f1xx_hal_tim_ex.o
 .ARM.attributes
                0x00000000000002e1       0x2d ./Drivers/STM32F1xx_HAL_Driver/Src/stm32f1xx_hal_uart.o
 .ARM.attributes
                0x000000000000030e       0x2d C:/ST/STM32CubeIDE_1.12.0/STM32CubeIDE/plugins/com.st.stm32cube.ide.mcu.externaltools.gnu-tools-for-stm32.11.3.rel1.win32_1.1.1.202309131626/tools/bin/../lib/gcc/arm-none-eabi/11.3.1/../../../../arm-none-eabi/lib/thumb/v7-m/nofp\libc_nano.a(libc_a-atoi.o)
 .ARM.attributes
                0x000000000000033b       0x2d C:/ST/STM32CubeIDE_1.12.0/STM32CubeIDE/plugins/com.st.stm32cube.ide.mcu.externaltools.gnu-tools-for-stm32.11.3.rel1.win32_1.1.1.202309131626/tools/bin/../lib/gcc/arm-none-eabi/11.3.1/../../../../arm-none-eabi/lib/thumb/v7-m/nofp\libc_nano.a(libc_a-strtol.o)
 .ARM.attributes
                0x0000000000000368       0x2d C:/ST/STM32CubeIDE_1.12.0/STM32CubeIDE/plugins/com.st.stm32cube.ide.mcu.externaltools.gnu-tools-for-stm32.11.3.rel1.win32_1.1.1.202309131626/tools/bin/../lib/gcc/arm-none-eabi/11.3.1/../../../../arm-none-eabi/lib/thumb/v7-m/nofp\libc_nano.a(libc_a-ctype_.o)
 .ARM.attributes
                0x0000000000000395       0x2d C:/ST/STM32CubeIDE_1.12.0/STM32CubeIDE/plugins/com.st.stm32cube.ide.mcu.externaltools.gnu-tools-for-stm32.11.3.rel1.win32_1.1.1.202309131626/tools/bin/../lib/gcc/arm-none-eabi/11.3.1/../../../../arm-none-eabi/lib/thumb/v7-m/nofp\libc_nano.a(libc_a-findfp.o)
 .ARM.attributes
                0x00000000000003c2       0x2d C:/ST/STM32CubeIDE_1.12.0/STM32CubeIDE/plugins/com.st.stm32cube.ide.mcu.externaltools.gnu-tools-for-stm32.11.3.rel1.win32_1.1.1.202309131626/tools/bin/../lib/gcc/arm-none-eabi/11.3.1/../../../../arm-none-eabi/lib/thumb/v7-m/nofp\libc_nano.a(libc_a-memset.o)
 .ARM.attributes
                0x00000000000003ef       0x2d C:/ST/STM32CubeIDE_1.12.0/STM32CubeIDE/plugins/com.st.stm32cube.ide.mcu.externaltools.gnu-tools-for-stm32.11.3.rel1.win32_1.1.1.202309131626/tools/bin/../lib/gcc/arm-none-eabi/11.3.1/../../../../arm-none-eabi/lib/thumb/v7-m/nofp\libc_nano.a(libc_a-impure.o)
 .ARM.attributes
                0x000000000000041c       0x2d C:/ST/STM32CubeIDE_1.12.0/STM32CubeIDE/plugins/com.st.stm32cube.ide.mcu.externaltools.gnu-tools-for-stm32.11.3.rel1.win32_1.1.1.202309131626/tools/bin/../lib/gcc/arm-none-eabi/11.3.1/../../../../arm-none-eabi/lib/thumb/v7-m/nofp\libc_nano.a(libc_a-errno.o)
 .ARM.attributes
                0x0000000000000449       0x2d C:/ST/STM32CubeIDE_1.12.0/STM32CubeIDE/plugins/com.st.stm32cube.ide.mcu.externaltools.gnu-tools-for-stm32.11.3.rel1.win32_1.1.1.202309131626/tools/bin/../lib/gcc/arm-none-eabi/11.3.1/../../../../arm-none-eabi/lib/thumb/v7-m/nofp\libc_nano.a(libc_a-init.o)
 .ARM.attributes
                0x0000000000000476       0x2d C:/ST/STM32CubeIDE_1.12.0/STM32CubeIDE/plugins/com.st.stm32cube.ide.mcu.externaltools.gnu-tools-for-stm32.11.3.rel1.win32_1.1.1.202309131626/tools/bin/../lib/gcc/arm-none-eabi/11.3.1/../../../../arm-none-eabi/lib/thumb/v7-m/nofp\libc_nano.a(libc_a-memcpy-stub.o)
 .ARM.attributes
                0x00000000000004a3       0x1d C:/ST/STM32CubeIDE_1.12.0/STM32CubeIDE/plugins/com.st.stm32cube.ide.mcu.externaltools.gnu-tools-for-stm32.11.3.rel1.win32_1.1.1.202309131626/tools/bin/../lib/gcc/arm-none-eabi/11.3.1/thumb/v7-m/nofp/crtn.o
OUTPUT(Robot.elf elf32-littlearm)
LOAD linker stubs
LOAD C:/ST/STM32CubeIDE_1.12.0/STM32CubeIDE/plugins/com.st.stm32cube.ide.mcu.externaltools.gnu-tools-for-stm32.11.3.rel1.win32_1.1.1.202309131626/tools/bin/../lib/gcc/arm-none-eabi/11.3.1/../../../../arm-none-eabi/lib/thumb/v7-m/nofp\libc.a
LOAD C:/ST/STM32CubeIDE_1.12.0/STM32CubeIDE/plugins/com.st.stm32cube.ide.mcu.externaltools.gnu-tools-for-stm32.11.3.rel1.win32_1.1.1.202309131626/tools/bin/../lib/gcc/arm-none-eabi/11.3.1/../../../../arm-none-eabi/lib/thumb/v7-m/nofp\libm.a
LOAD C:/ST/STM32CubeIDE_1.12.0/STM32CubeIDE/plugins/com.st.stm32cube.ide.mcu.externaltools.gnu-tools-for-stm32.11.3.rel1.win32_1.1.1.202309131626/tools/bin/../lib/gcc/arm-none-eabi/11.3.1/thumb/v7-m/nofp\libgcc.a

.comment        0x0000000000000000       0x43
 .comment       0x0000000000000000       0x43 C:/ST/STM32CubeIDE_1.12.0/STM32CubeIDE/plugins/com.st.stm32cube.ide.mcu.externaltools.gnu-tools-for-stm32.11.3.rel1.win32_1.1.1.202309131626/tools/bin/../lib/gcc/arm-none-eabi/11.3.1/thumb/v7-m/nofp/crtbegin.o
                                         0x44 (size before relaxing)
 .comment       0x0000000000000043       0x44 ./Core/Src/fonts.o
 .comment       0x0000000000000043       0x44 ./Core/Src/main.o
 .comment       0x0000000000000043       0x44 ./Core/Src/ssd1306.o
 .comment       0x0000000000000043       0x44 ./Core/Src/stm32f1xx_hal_msp.o
 .comment       0x0000000000000043       0x44 ./Core/Src/stm32f1xx_it.o
 .comment       0x0000000000000043       0x44 ./Core/Src/system_stm32f1xx.o
 .comment       0x0000000000000043       0x44 ./Drivers/STM32F1xx_HAL_Driver/Src/stm32f1xx_hal.o
 .comment       0x0000000000000043       0x44 ./Drivers/STM32F1xx_HAL_Driver/Src/stm32f1xx_hal_cortex.o
 .comment       0x0000000000000043       0x44 ./Drivers/STM32F1xx_HAL_Driver/Src/stm32f1xx_hal_dma.o
 .comment       0x0000000000000043       0x44 ./Drivers/STM32F1xx_HAL_Driver/Src/stm32f1xx_hal_gpio.o
 .comment       0x0000000000000043       0x44 ./Drivers/STM32F1xx_HAL_Driver/Src/stm32f1xx_hal_i2c.o
 .comment       0x0000000000000043       0x44 ./Drivers/STM32F1xx_HAL_Driver/Src/stm32f1xx_hal_rcc.o
 .comment       0x0000000000000043       0x44 ./Drivers/STM32F1xx_HAL_Driver/Src/stm32f1xx_hal_tim.o
 .comment       0x0000000000000043       0x44 ./Drivers/STM32F1xx_HAL_Driver/Src/stm32f1xx_hal_tim_ex.o
 .comment       0x0000000000000043       0x44 ./Drivers/STM32F1xx_HAL_Driver/Src/stm32f1xx_hal_uart.o

.debug_info     0x0000000000000000     0xf7a3
 .debug_info    0x0000000000000000      0x255 ./Core/Src/fonts.o
 .debug_info    0x0000000000000255     0x13b2 ./Core/Src/main.o
 .debug_info    0x0000000000001607     0x1028 ./Core/Src/ssd1306.o
 .debug_info    0x000000000000262f     0x10d4 ./Core/Src/stm32f1xx_hal_msp.o
 .debug_info    0x0000000000003703      0x5eb ./Core/Src/stm32f1xx_it.o
 .debug_info    0x0000000000003cee      0x222 ./Core/Src/system_stm32f1xx.o
 .debug_info    0x0000000000003f10       0x23 ./Core/Startup/startup_stm32f103c8tx.o
 .debug_info    0x0000000000003f33      0x704 ./Drivers/STM32F1xx_HAL_Driver/Src/stm32f1xx_hal.o
 .debug_info    0x0000000000004637      0xa87 ./Drivers/STM32F1xx_HAL_Driver/Src/stm32f1xx_hal_cortex.o
 .debug_info    0x00000000000050be      0x6d2 ./Drivers/STM32F1xx_HAL_Driver/Src/stm32f1xx_hal_dma.o
 .debug_info    0x0000000000005790      0x5ab ./Drivers/STM32F1xx_HAL_Driver/Src/stm32f1xx_hal_gpio.o
 .debug_info    0x0000000000005d3b     0x2515 ./Drivers/STM32F1xx_HAL_Driver/Src/stm32f1xx_hal_i2c.o
 .debug_info    0x0000000000008250      0x7d5 ./Drivers/STM32F1xx_HAL_Driver/Src/stm32f1xx_hal_rcc.o
 .debug_info    0x0000000000008a25     0x293b ./Drivers/STM32F1xx_HAL_Driver/Src/stm32f1xx_hal_tim.o
 .debug_info    0x000000000000b360     0x149b ./Drivers/STM32F1xx_HAL_Driver/Src/stm32f1xx_hal_tim_ex.o
 .debug_info    0x000000000000c7fb     0x2fa8 ./Drivers/STM32F1xx_HAL_Driver/Src/stm32f1xx_hal_uart.o

.debug_abbrev   0x0000000000000000     0x22cb
 .debug_abbrev  0x0000000000000000      0x11c ./Core/Src/fonts.o
 .debug_abbrev  0x000000000000011c      0x38b ./Core/Src/main.o
 .debug_abbrev  0x00000000000004a7      0x30d ./Core/Src/ssd1306.o
 .debug_abbrev  0x00000000000007b4      0x23b ./Core/Src/stm32f1xx_hal_msp.o
 .debug_abbrev  0x00000000000009ef      0x176 ./Core/Src/stm32f1xx_it.o
 .debug_abbrev  0x0000000000000b65      0x13f ./Core/Src/system_stm32f1xx.o
 .debug_abbrev  0x0000000000000ca4       0x12 ./Core/Startup/startup_stm32f103c8tx.o
 .debug_abbrev  0x0000000000000cb6      0x201 ./Drivers/STM32F1xx_HAL_Driver/Src/stm32f1xx_hal.o
 .debug_abbrev  0x0000000000000eb7      0x2f8 ./Drivers/STM32F1xx_HAL_Driver/Src/stm32f1xx_hal_cortex.o
 .debug_abbrev  0x00000000000011af      0x20b ./Drivers/STM32F1xx_HAL_Driver/Src/stm32f1xx_hal_dma.o
 .debug_abbrev  0x00000000000013ba      0x1ca ./Drivers/STM32F1xx_HAL_Driver/Src/stm32f1xx_hal_gpio.o
 .debug_abbrev  0x0000000000001584      0x2a3 ./Drivers/STM32F1xx_HAL_Driver/Src/stm32f1xx_hal_i2c.o
 .debug_abbrev  0x0000000000001827      0x2b3 ./Drivers/STM32F1xx_HAL_Driver/Src/stm32f1xx_hal_rcc.o
 .debug_abbrev  0x0000000000001ada      0x277 ./Drivers/STM32F1xx_HAL_Driver/Src/stm32f1xx_hal_tim.o
 .debug_abbrev  0x0000000000001d51      0x282 ./Drivers/STM32F1xx_HAL_Driver/Src/stm32f1xx_hal_tim_ex.o
 .debug_abbrev  0x0000000000001fd3      0x2f8 ./Drivers/STM32F1xx_HAL_Driver/Src/stm32f1xx_hal_uart.o

.debug_aranges  0x0000000000000000      0xfc8
 .debug_aranges
                0x0000000000000000       0x20 ./Core/Src/fonts.o
 .debug_aranges
                0x0000000000000020       0x70 ./Core/Src/main.o
 .debug_aranges
                0x0000000000000090       0xf8 ./Core/Src/ssd1306.o
 .debug_aranges
                0x0000000000000188       0x58 ./Core/Src/stm32f1xx_hal_msp.o
 .debug_aranges
                0x00000000000001e0       0x68 ./Core/Src/stm32f1xx_it.o
 .debug_aranges
                0x0000000000000248       0x28 ./Core/Src/system_stm32f1xx.o
 .debug_aranges
                0x0000000000000270       0x28 ./Core/Startup/startup_stm32f103c8tx.o
 .debug_aranges
                0x0000000000000298       0xe0 ./Drivers/STM32F1xx_HAL_Driver/Src/stm32f1xx_hal.o
 .debug_aranges
                0x0000000000000378      0x100 ./Drivers/STM32F1xx_HAL_Driver/Src/stm32f1xx_hal_cortex.o
 .debug_aranges
                0x0000000000000478       0x80 ./Drivers/STM32F1xx_HAL_Driver/Src/stm32f1xx_hal_dma.o
 .debug_aranges
                0x00000000000004f8       0x58 ./Drivers/STM32F1xx_HAL_Driver/Src/stm32f1xx_hal_gpio.o
 .debug_aranges
                0x0000000000000550      0x2a8 ./Drivers/STM32F1xx_HAL_Driver/Src/stm32f1xx_hal_i2c.o
 .debug_aranges
                0x00000000000007f8       0x90 ./Drivers/STM32F1xx_HAL_Driver/Src/stm32f1xx_hal_rcc.o
 .debug_aranges
                0x0000000000000888      0x3d0 ./Drivers/STM32F1xx_HAL_Driver/Src/stm32f1xx_hal_tim.o
 .debug_aranges
                0x0000000000000c58      0x168 ./Drivers/STM32F1xx_HAL_Driver/Src/stm32f1xx_hal_tim_ex.o
 .debug_aranges
                0x0000000000000dc0      0x208 ./Drivers/STM32F1xx_HAL_Driver/Src/stm32f1xx_hal_uart.o

.debug_rnglists
                0x0000000000000000      0xc86
 .debug_rnglists
                0x0000000000000000       0x13 ./Core/Src/fonts.o
 .debug_rnglists
                0x0000000000000013       0x52 ./Core/Src/main.o
 .debug_rnglists
                0x0000000000000065       0xc2 ./Core/Src/ssd1306.o
 .debug_rnglists
                0x0000000000000127       0x3f ./Core/Src/stm32f1xx_hal_msp.o
 .debug_rnglists
                0x0000000000000166       0x49 ./Core/Src/stm32f1xx_it.o
 .debug_rnglists
                0x00000000000001af       0x1a ./Core/Src/system_stm32f1xx.o
 .debug_rnglists
                0x00000000000001c9       0x19 ./Core/Startup/startup_stm32f103c8tx.o
 .debug_rnglists
                0x00000000000001e2       0xa3 ./Drivers/STM32F1xx_HAL_Driver/Src/stm32f1xx_hal.o
 .debug_rnglists
                0x0000000000000285       0xbb ./Drivers/STM32F1xx_HAL_Driver/Src/stm32f1xx_hal_cortex.o
 .debug_rnglists
                0x0000000000000340       0x64 ./Drivers/STM32F1xx_HAL_Driver/Src/stm32f1xx_hal_dma.o
 .debug_rnglists
                0x00000000000003a4       0x3f ./Drivers/STM32F1xx_HAL_Driver/Src/stm32f1xx_hal_gpio.o
 .debug_rnglists
                0x00000000000003e3      0x23c ./Drivers/STM32F1xx_HAL_Driver/Src/stm32f1xx_hal_i2c.o
 .debug_rnglists
                0x000000000000061f       0x6c ./Drivers/STM32F1xx_HAL_Driver/Src/stm32f1xx_hal_rcc.o
 .debug_rnglists
                0x000000000000068b      0x31a ./Drivers/STM32F1xx_HAL_Driver/Src/stm32f1xx_hal_tim.o
 .debug_rnglists
                0x00000000000009a5      0x125 ./Drivers/STM32F1xx_HAL_Driver/Src/stm32f1xx_hal_tim_ex.o
 .debug_rnglists
                0x0000000000000aca      0x1bc ./Drivers/STM32F1xx_HAL_Driver/Src/stm32f1xx_hal_uart.o

.debug_macro    0x0000000000000000    0x18524
 .debug_macro   0x0000000000000000      0x285 ./Core/Src/fonts.o
 .debug_macro   0x0000000000000285      0xa9c ./Core/Src/fonts.o
 .debug_macro   0x0000000000000d21      0x221 ./Core/Src/fonts.o
 .debug_macro   0x0000000000000f42       0x2e ./Core/Src/fonts.o
 .debug_macro   0x0000000000000f70       0x22 ./Core/Src/fonts.o
 .debug_macro   0x0000000000000f92       0x22 ./Core/Src/fonts.o
 .debug_macro   0x0000000000000fb4       0x8e ./Core/Src/fonts.o
 .debug_macro   0x0000000000001042       0x51 ./Core/Src/fonts.o
 .debug_macro   0x0000000000001093      0x103 ./Core/Src/fonts.o
 .debug_macro   0x0000000000001196       0x6a ./Core/Src/fonts.o
 .debug_macro   0x0000000000001200      0x1df ./Core/Src/fonts.o
 .debug_macro   0x00000000000013df       0x1c ./Core/Src/fonts.o
 .debug_macro   0x00000000000013fb       0x22 ./Core/Src/fonts.o
 .debug_macro   0x000000000000141d       0xbd ./Core/Src/fonts.o
 .debug_macro   0x00000000000014da      0xd23 ./Core/Src/fonts.o
 .debug_macro   0x00000000000021fd     0xe09e ./Core/Src/fonts.o
 .debug_macro   0x000000000001029b       0x6d ./Core/Src/fonts.o
 .debug_macro   0x0000000000010308     0x348d ./Core/Src/fonts.o
 .debug_macro   0x0000000000013795      0x174 ./Core/Src/fonts.o
 .debug_macro   0x0000000000013909       0x5c ./Core/Src/fonts.o
 .debug_macro   0x0000000000013965      0x5bc ./Core/Src/fonts.o
 .debug_macro   0x0000000000013f21      0x289 ./Core/Src/fonts.o
 .debug_macro   0x00000000000141aa      0x1cb ./Core/Src/fonts.o
 .debug_macro   0x0000000000014375      0x114 ./Core/Src/fonts.o
 .debug_macro   0x0000000000014489      0x1b2 ./Core/Src/fonts.o
 .debug_macro   0x000000000001463b       0x27 ./Core/Src/fonts.o
 .debug_macro   0x0000000000014662      0x136 ./Core/Src/fonts.o
 .debug_macro   0x0000000000014798      0x1bc ./Core/Src/fonts.o
 .debug_macro   0x0000000000014954       0x34 ./Core/Src/fonts.o
 .debug_macro   0x0000000000014988       0x3c ./Core/Src/fonts.o
 .debug_macro   0x00000000000149c4       0x57 ./Core/Src/fonts.o
 .debug_macro   0x0000000000014a1b       0x87 ./Core/Src/fonts.o
 .debug_macro   0x0000000000014aa2      0x240 ./Core/Src/fonts.o
 .debug_macro   0x0000000000014ce2      0x287 ./Core/Src/fonts.o
 .debug_macro   0x0000000000014f69      0x140 ./Core/Src/fonts.o
 .debug_macro   0x00000000000150a9      0x8ed ./Core/Src/fonts.o
 .debug_macro   0x0000000000015996      0x28e ./Core/Src/fonts.o
 .debug_macro   0x0000000000015c24       0x83 ./Core/Src/fonts.o
 .debug_macro   0x0000000000015ca7       0x61 ./Core/Src/fonts.o
 .debug_macro   0x0000000000015d08       0x24 ./Core/Src/fonts.o
 .debug_macro   0x0000000000015d2c       0x43 ./Core/Src/fonts.o
 .debug_macro   0x0000000000015d6f       0x34 ./Core/Src/fonts.o
 .debug_macro   0x0000000000015da3       0x16 ./Core/Src/fonts.o
 .debug_macro   0x0000000000015db9       0x43 ./Core/Src/fonts.o
 .debug_macro   0x0000000000015dfc       0x34 ./Core/Src/fonts.o
 .debug_macro   0x0000000000015e30       0x10 ./Core/Src/fonts.o
 .debug_macro   0x0000000000015e40       0x58 ./Core/Src/fonts.o
 .debug_macro   0x0000000000015e98       0x8e ./Core/Src/fonts.o
 .debug_macro   0x0000000000015f26       0x1c ./Core/Src/fonts.o
 .debug_macro   0x0000000000015f42      0x177 ./Core/Src/fonts.o
 .debug_macro   0x00000000000160b9      0x369 ./Core/Src/fonts.o
 .debug_macro   0x0000000000016422       0x10 ./Core/Src/fonts.o
 .debug_macro   0x0000000000016432       0x35 ./Core/Src/fonts.o
 .debug_macro   0x0000000000016467       0x20 ./Core/Src/fonts.o
 .debug_macro   0x0000000000016487      0x2fe ./Core/Src/main.o
 .debug_macro   0x0000000000016785       0x5b ./Core/Src/main.o
 .debug_macro   0x00000000000167e0       0x94 ./Core/Src/main.o
 .debug_macro   0x0000000000016874       0x16 ./Core/Src/main.o
 .debug_macro   0x000000000001688a      0x10e ./Core/Src/main.o
 .debug_macro   0x0000000000016998       0x8d ./Core/Src/main.o
 .debug_macro   0x0000000000016a25       0x57 ./Core/Src/main.o
 .debug_macro   0x0000000000016a7c       0x16 ./Core/Src/main.o
 .debug_macro   0x0000000000016a92       0x29 ./Core/Src/main.o
 .debug_macro   0x0000000000016abb       0x1c ./Core/Src/main.o
 .debug_macro   0x0000000000016ad7       0x10 ./Core/Src/main.o
 .debug_macro   0x0000000000016ae7       0x1c ./Core/Src/main.o
 .debug_macro   0x0000000000016b03       0x16 ./Core/Src/main.o
 .debug_macro   0x0000000000016b19      0x147 ./Core/Src/main.o
 .debug_macro   0x0000000000016c60       0x16 ./Core/Src/main.o
 .debug_macro   0x0000000000016c76       0x56 ./Core/Src/main.o
 .debug_macro   0x0000000000016ccc       0x1d ./Core/Src/main.o
 .debug_macro   0x0000000000016ce9      0x310 ./Core/Src/ssd1306.o
 .debug_macro   0x0000000000016ff9      0x1b7 ./Core/Src/stm32f1xx_hal_msp.o
 .debug_macro   0x00000000000171b0      0x1c1 ./Core/Src/stm32f1xx_it.o
 .debug_macro   0x0000000000017371      0x1ad ./Core/Src/system_stm32f1xx.o
 .debug_macro   0x000000000001751e      0x1d1 ./Drivers/STM32F1xx_HAL_Driver/Src/stm32f1xx_hal.o
 .debug_macro   0x00000000000176ef      0x1ad ./Drivers/STM32F1xx_HAL_Driver/Src/stm32f1xx_hal_cortex.o
 .debug_macro   0x000000000001789c      0x1ad ./Drivers/STM32F1xx_HAL_Driver/Src/stm32f1xx_hal_dma.o
 .debug_macro   0x0000000000017a49      0x218 ./Drivers/STM32F1xx_HAL_Driver/Src/stm32f1xx_hal_gpio.o
 .debug_macro   0x0000000000017c61      0x1fb ./Drivers/STM32F1xx_HAL_Driver/Src/stm32f1xx_hal_i2c.o
 .debug_macro   0x0000000000017e5c      0x1bf ./Drivers/STM32F1xx_HAL_Driver/Src/stm32f1xx_hal_rcc.o
 .debug_macro   0x000000000001801b      0x1ae ./Drivers/STM32F1xx_HAL_Driver/Src/stm32f1xx_hal_tim.o
 .debug_macro   0x00000000000181c9      0x1ad ./Drivers/STM32F1xx_HAL_Driver/Src/stm32f1xx_hal_tim_ex.o
 .debug_macro   0x0000000000018376      0x1ae ./Drivers/STM32F1xx_HAL_Driver/Src/stm32f1xx_hal_uart.o

.debug_line     0x0000000000000000    0x12a67
 .debug_line    0x0000000000000000      0x87b ./Core/Src/fonts.o
 .debug_line    0x000000000000087b      0xbe2 ./Core/Src/main.o
 .debug_line    0x000000000000145d     0x1034 ./Core/Src/ssd1306.o
 .debug_line    0x0000000000002491      0x854 ./Core/Src/stm32f1xx_hal_msp.o
 .debug_line    0x0000000000002ce5      0x7ee ./Core/Src/stm32f1xx_it.o
 .debug_line    0x00000000000034d3      0x792 ./Core/Src/system_stm32f1xx.o
 .debug_line    0x0000000000003c65       0x78 ./Core/Startup/startup_stm32f103c8tx.o
 .debug_line    0x0000000000003cdd      0x9bf ./Drivers/STM32F1xx_HAL_Driver/Src/stm32f1xx_hal.o
 .debug_line    0x000000000000469c      0xba7 ./Drivers/STM32F1xx_HAL_Driver/Src/stm32f1xx_hal_cortex.o
 .debug_line    0x0000000000005243      0xe18 ./Drivers/STM32F1xx_HAL_Driver/Src/stm32f1xx_hal_dma.o
 .debug_line    0x000000000000605b      0xa58 ./Drivers/STM32F1xx_HAL_Driver/Src/stm32f1xx_hal_gpio.o
 .debug_line    0x0000000000006ab3     0x3b36 ./Drivers/STM32F1xx_HAL_Driver/Src/stm32f1xx_hal_i2c.o
 .debug_line    0x000000000000a5e9      0xdc8 ./Drivers/STM32F1xx_HAL_Driver/Src/stm32f1xx_hal_rcc.o
 .debug_line    0x000000000000b3b1     0x34ab ./Drivers/STM32F1xx_HAL_Driver/Src/stm32f1xx_hal_tim.o
 .debug_line    0x000000000000e85c     0x191e ./Drivers/STM32F1xx_HAL_Driver/Src/stm32f1xx_hal_tim_ex.o
 .debug_line    0x000000000001017a     0x28ed ./Drivers/STM32F1xx_HAL_Driver/Src/stm32f1xx_hal_uart.o

.debug_str      0x0000000000000000    0x8cce9
 .debug_str     0x0000000000000000    0x87cd1 ./Core/Src/fonts.o
                                      0x88034 (size before relaxing)
 .debug_str     0x0000000000087cd1     0x152c ./Core/Src/main.o
                                      0x89615 (size before relaxing)
 .debug_str     0x00000000000891fd      0x4d8 ./Core/Src/ssd1306.o
                                      0x88b01 (size before relaxing)
 .debug_str     0x00000000000896d5      0x3e5 ./Core/Src/stm32f1xx_hal_msp.o
                                      0x85c21 (size before relaxing)
 .debug_str     0x0000000000089aba       0xef ./Core/Src/stm32f1xx_it.o
                                      0x8530d (size before relaxing)
 .debug_str     0x0000000000089ba9       0x7e ./Core/Src/system_stm32f1xx.o
                                      0x84ee8 (size before relaxing)
 .debug_str     0x0000000000089c27       0x34 ./Core/Startup/startup_stm32f103c8tx.o
                                         0x5f (size before relaxing)
 .debug_str     0x0000000000089c5b      0x384 ./Drivers/STM32F1xx_HAL_Driver/Src/stm32f1xx_hal.o
                                      0x8561b (size before relaxing)
 .debug_str     0x0000000000089fdf      0x294 ./Drivers/STM32F1xx_HAL_Driver/Src/stm32f1xx_hal_cortex.o
                                      0x85567 (size before relaxing)
 .debug_str     0x000000000008a273      0x235 ./Drivers/STM32F1xx_HAL_Driver/Src/stm32f1xx_hal_dma.o
                                      0x85291 (size before relaxing)
 .debug_str     0x000000000008a4a8      0x31d ./Drivers/STM32F1xx_HAL_Driver/Src/stm32f1xx_hal_gpio.o
                                      0x8526e (size before relaxing)
 .debug_str     0x000000000008a7c5      0xb74 ./Drivers/STM32F1xx_HAL_Driver/Src/stm32f1xx_hal_i2c.o
                                      0x85faf (size before relaxing)
 .debug_str     0x000000000008b339      0x209 ./Drivers/STM32F1xx_HAL_Driver/Src/stm32f1xx_hal_rcc.o
                                      0x85317 (size before relaxing)
 .debug_str     0x000000000008b542      0xd4c ./Drivers/STM32F1xx_HAL_Driver/Src/stm32f1xx_hal_tim.o
                                      0x86309 (size before relaxing)
 .debug_str     0x000000000008c28e      0x493 ./Drivers/STM32F1xx_HAL_Driver/Src/stm32f1xx_hal_tim_ex.o
                                      0x85b25 (size before relaxing)
 .debug_str     0x000000000008c721      0x5c8 ./Drivers/STM32F1xx_HAL_Driver/Src/stm32f1xx_hal_uart.o
                                      0x85988 (size before relaxing)

.debug_frame    0x0000000000000000     0x4574
 .debug_frame   0x0000000000000000       0x38 ./Core/Src/fonts.o
 .debug_frame   0x0000000000000038      0x184 ./Core/Src/main.o
 .debug_frame   0x00000000000001bc      0x414 ./Core/Src/ssd1306.o
 .debug_frame   0x00000000000005d0      0x13c ./Core/Src/stm32f1xx_hal_msp.o
 .debug_frame   0x000000000000070c      0x120 ./Core/Src/stm32f1xx_it.o
 .debug_frame   0x000000000000082c       0x58 ./Core/Src/system_stm32f1xx.o
 .debug_frame   0x0000000000000884      0x334 ./Drivers/STM32F1xx_HAL_Driver/Src/stm32f1xx_hal.o
 .debug_frame   0x0000000000000bb8      0x428 ./Drivers/STM32F1xx_HAL_Driver/Src/stm32f1xx_hal_cortex.o
 .debug_frame   0x0000000000000fe0      0x208 ./Drivers/STM32F1xx_HAL_Driver/Src/stm32f1xx_hal_dma.o
 .debug_frame   0x00000000000011e8      0x14c ./Drivers/STM32F1xx_HAL_Driver/Src/stm32f1xx_hal_gpio.o
 .debug_frame   0x0000000000001334      0xc84 ./Drivers/STM32F1xx_HAL_Driver/Src/stm32f1xx_hal_i2c.o
 .debug_frame   0x0000000000001fb8      0x218 ./Drivers/STM32F1xx_HAL_Driver/Src/stm32f1xx_hal_rcc.o
 .debug_frame   0x00000000000021d0     0x11bc ./Drivers/STM32F1xx_HAL_Driver/Src/stm32f1xx_hal_tim.o
 .debug_frame   0x000000000000338c      0x638 ./Drivers/STM32F1xx_HAL_Driver/Src/stm32f1xx_hal_tim_ex.o
 .debug_frame   0x00000000000039c4      0x944 ./Drivers/STM32F1xx_HAL_Driver/Src/stm32f1xx_hal_uart.o
 .debug_frame   0x0000000000004308       0x30 C:/ST/STM32CubeIDE_1.12.0/STM32CubeIDE/plugins/com.st.stm32cube.ide.mcu.externaltools.gnu-tools-for-stm32.11.3.rel1.win32_1.1.1.202309131626/tools/bin/../lib/gcc/arm-none-eabi/11.3.1/../../../../arm-none-eabi/lib/thumb/v7-m/nofp\libc_nano.a(libc_a-atoi.o)
 .debug_frame   0x0000000000004338       0x64 C:/ST/STM32CubeIDE_1.12.0/STM32CubeIDE/plugins/com.st.stm32cube.ide.mcu.externaltools.gnu-tools-for-stm32.11.3.rel1.win32_1.1.1.202309131626/tools/bin/../lib/gcc/arm-none-eabi/11.3.1/../../../../arm-none-eabi/lib/thumb/v7-m/nofp\libc_nano.a(libc_a-strtol.o)
 .debug_frame   0x000000000000439c      0x144 C:/ST/STM32CubeIDE_1.12.0/STM32CubeIDE/plugins/com.st.stm32cube.ide.mcu.externaltools.gnu-tools-for-stm32.11.3.rel1.win32_1.1.1.202309131626/tools/bin/../lib/gcc/arm-none-eabi/11.3.1/../../../../arm-none-eabi/lib/thumb/v7-m/nofp\libc_nano.a(libc_a-findfp.o)
 .debug_frame   0x00000000000044e0       0x20 C:/ST/STM32CubeIDE_1.12.0/STM32CubeIDE/plugins/com.st.stm32cube.ide.mcu.externaltools.gnu-tools-for-stm32.11.3.rel1.win32_1.1.1.202309131626/tools/bin/../lib/gcc/arm-none-eabi/11.3.1/../../../../arm-none-eabi/lib/thumb/v7-m/nofp\libc_nano.a(libc_a-memset.o)
 .debug_frame   0x0000000000004500       0x20 C:/ST/STM32CubeIDE_1.12.0/STM32CubeIDE/plugins/com.st.stm32cube.ide.mcu.externaltools.gnu-tools-for-stm32.11.3.rel1.win32_1.1.1.202309131626/tools/bin/../lib/gcc/arm-none-eabi/11.3.1/../../../../arm-none-eabi/lib/thumb/v7-m/nofp\libc_nano.a(libc_a-errno.o)
 .debug_frame   0x0000000000004520       0x2c C:/ST/STM32CubeIDE_1.12.0/STM32CubeIDE/plugins/com.st.stm32cube.ide.mcu.externaltools.gnu-tools-for-stm32.11.3.rel1.win32_1.1.1.202309131626/tools/bin/../lib/gcc/arm-none-eabi/11.3.1/../../../../arm-none-eabi/lib/thumb/v7-m/nofp\libc_nano.a(libc_a-init.o)
 .debug_frame   0x000000000000454c       0x28 C:/ST/STM32CubeIDE_1.12.0/STM32CubeIDE/plugins/com.st.stm32cube.ide.mcu.externaltools.gnu-tools-for-stm32.11.3.rel1.win32_1.1.1.202309131626/tools/bin/../lib/gcc/arm-none-eabi/11.3.1/../../../../arm-none-eabi/lib/thumb/v7-m/nofp\libc_nano.a(libc_a-memcpy-stub.o)

.debug_line_str
                0x0000000000000000       0x53
 .debug_line_str
                0x0000000000000000       0x53 ./Core/Startup/startup_stm32f103c8tx.o
                                         0x6b (size before relaxing)
