../Core/Src/main.c:23:5:map	24	static
../Core/Src/main.c:28:6:handleReceivedData	40	static
../Core/Src/main.c:72:5:main	8	static
../Core/Src/main.c:123:6:SystemClock_Config	72	static
../Core/Src/main.c:155:13:MX_I2C1_Init	8	static
../Core/Src/main.c:184:13:MX_TIM2_Init	64	static
../Core/Src/main.c:238:13:MX_USART1_UART_Init	8	static
../Core/Src/main.c:266:13:MX_GPIO_Init	16	static
../Core/Src/main.c:280:6:HAL_UART_RxCpltCallback	16	static
../Core/Src/main.c:296:6:Error_Handler	4	static,ignoring_inline_asm
